Component: ARM Compiler 5.06 update 7 for Certification (build 960) Tool: armlink [4d3601]

==============================================================================

Section Cross References

    startup_gd32f10x_md.o(RESET) refers to startup_gd32f10x_md.o(STACK) for __initial_sp
    startup_gd32f10x_md.o(RESET) refers to startup_gd32f10x_md.o(.text) for Reset_Handler
    startup_gd32f10x_md.o(RESET) refers to gd32f10x_it.o(i.NMI_Handler) for NMI_Handler
    startup_gd32f10x_md.o(RESET) refers to gd32f10x_it.o(i.HardFault_Handler) for HardFault_Handler
    startup_gd32f10x_md.o(RESET) refers to gd32f10x_it.o(i.MemManage_Handler) for MemManage_Handler
    startup_gd32f10x_md.o(RESET) refers to gd32f10x_it.o(i.BusFault_Handler) for BusFault_Handler
    startup_gd32f10x_md.o(RESET) refers to gd32f10x_it.o(i.UsageFault_Handler) for UsageFault_Handler
    startup_gd32f10x_md.o(RESET) refers to gd32f10x_it.o(i.SVC_Handler) for SVC_Handler
    startup_gd32f10x_md.o(RESET) refers to gd32f10x_it.o(i.DebugMon_Handler) for DebugMon_Handler
    startup_gd32f10x_md.o(RESET) refers to gd32f10x_it.o(i.PendSV_Handler) for PendSV_Handler
    startup_gd32f10x_md.o(RESET) refers to gd32f10x_it.o(i.SysTick_Handler) for SysTick_Handler
    startup_gd32f10x_md.o(RESET) refers to timer.o(i.TIMER2_IRQHandler) for TIMER2_IRQHandler
    startup_gd32f10x_md.o(.text) refers to system_gd32f10x.o(i.SystemInit) for SystemInit
    startup_gd32f10x_md.o(.text) refers to entry.o(.ARM.Collect$$$$00000000) for __main
    system_gd32f10x.o(i.SystemInit) refers to system_gd32f10x.o(i.system_clock_config) for system_clock_config
    system_gd32f10x.o(i.system_clock_config) refers to system_gd32f10x.o(i.system_clock_72m_irc8m) for system_clock_72m_irc8m
    gd32f10x_gpio.o(i.gpio_afio_deinit) refers to gd32f10x_rcu.o(i.rcu_periph_reset_enable) for rcu_periph_reset_enable
    gd32f10x_gpio.o(i.gpio_afio_deinit) refers to gd32f10x_rcu.o(i.rcu_periph_reset_disable) for rcu_periph_reset_disable
    gd32f10x_gpio.o(i.gpio_deinit) refers to gd32f10x_rcu.o(i.rcu_periph_reset_enable) for rcu_periph_reset_enable
    gd32f10x_gpio.o(i.gpio_deinit) refers to gd32f10x_rcu.o(i.rcu_periph_reset_disable) for rcu_periph_reset_disable
    gd32f10x_rcu.o(i.rcu_deinit) refers to gd32f10x_rcu.o(i.rcu_osci_stab_wait) for rcu_osci_stab_wait
    gd32f10x_rcu.o(i.rcu_osci_stab_wait) refers to gd32f10x_rcu.o(i.rcu_flag_get) for rcu_flag_get
    gd32f10x_usart.o(i.usart_baudrate_set) refers to gd32f10x_rcu.o(i.rcu_clock_freq_get) for rcu_clock_freq_get
    gd32f10x_usart.o(i.usart_deinit) refers to gd32f10x_rcu.o(i.rcu_periph_reset_enable) for rcu_periph_reset_enable
    gd32f10x_usart.o(i.usart_deinit) refers to gd32f10x_rcu.o(i.rcu_periph_reset_disable) for rcu_periph_reset_disable
    gd32f10x_adc.o(i.adc_deinit) refers to gd32f10x_rcu.o(i.rcu_periph_reset_enable) for rcu_periph_reset_enable
    gd32f10x_adc.o(i.adc_deinit) refers to gd32f10x_rcu.o(i.rcu_periph_reset_disable) for rcu_periph_reset_disable
    gd32f10x_timer.o(i.timer_deinit) refers to gd32f10x_rcu.o(i.rcu_periph_reset_enable) for rcu_periph_reset_enable
    gd32f10x_timer.o(i.timer_deinit) refers to gd32f10x_rcu.o(i.rcu_periph_reset_disable) for rcu_periph_reset_disable
    gd32f10x_timer.o(i.timer_external_clock_mode0_config) refers to gd32f10x_timer.o(i.timer_external_trigger_config) for timer_external_trigger_config
    gd32f10x_timer.o(i.timer_external_clock_mode1_config) refers to gd32f10x_timer.o(i.timer_external_trigger_config) for timer_external_trigger_config
    gd32f10x_timer.o(i.timer_external_trigger_as_external_clock_config) refers to gd32f10x_timer.o(i.timer_input_trigger_source_select) for timer_input_trigger_source_select
    gd32f10x_timer.o(i.timer_input_capture_config) refers to gd32f10x_timer.o(i.timer_channel_input_capture_prescaler_config) for timer_channel_input_capture_prescaler_config
    gd32f10x_timer.o(i.timer_input_pwm_capture_config) refers to gd32f10x_timer.o(i.timer_channel_input_capture_prescaler_config) for timer_channel_input_capture_prescaler_config
    gd32f10x_timer.o(i.timer_internal_trigger_as_external_clock_config) refers to gd32f10x_timer.o(i.timer_input_trigger_source_select) for timer_input_trigger_source_select
    gd32f10x_bkp.o(i.bkp_deinit) refers to gd32f10x_rcu.o(i.rcu_bkp_reset_enable) for rcu_bkp_reset_enable
    gd32f10x_bkp.o(i.bkp_deinit) refers to gd32f10x_rcu.o(i.rcu_bkp_reset_disable) for rcu_bkp_reset_disable
    gd32f10x_can.o(i.can_debug_freeze_disable) refers to gd32f10x_dbg.o(i.dbg_periph_enable) for dbg_periph_enable
    gd32f10x_can.o(i.can_debug_freeze_enable) refers to gd32f10x_dbg.o(i.dbg_periph_enable) for dbg_periph_enable
    gd32f10x_can.o(i.can_deinit) refers to gd32f10x_rcu.o(i.rcu_periph_reset_enable) for rcu_periph_reset_enable
    gd32f10x_can.o(i.can_deinit) refers to gd32f10x_rcu.o(i.rcu_periph_reset_disable) for rcu_periph_reset_disable
[...]
    Removing gpio.o(.rev16_text), (4 bytes).
    Removing gpio.o(.revsh_text), (4 bytes).
    Removing w25qxx.o(.rev16_text), (4 bytes).
    Removing w25qxx.o(.revsh_text), (4 bytes).
    Removing w25qxx.o(i.w25qxx_cs_disable), (20 bytes).
    Removing w25qxx.o(i.w25qxx_cs_enable), (20 bytes).
    Removing w25qxx.o(i.w25qxx_erase_chip), (30 bytes).
    Removing w25qxx.o(i.w25qxx_erase_sector), (54 bytes).
    Removing w25qxx.o(i.w25qxx_init), (8 bytes).
    Removing w25qxx.o(i.w25qxx_power_down), (22 bytes).
    Removing w25qxx.o(i.w25qxx_read), (74 bytes).
    Removing w25qxx.o(i.w25qxx_read_sr), (66 bytes).
    Removing w25qxx.o(i.w25qxx_swap), (12 bytes).
    Removing w25qxx.o(i.w25qxx_wait_busy), (20 bytes).
    Removing w25qxx.o(i.w25qxx_wake_up), (22 bytes).
    Removing w25qxx.o(i.w25qxx_write), (248 bytes).
    Removing w25qxx.o(i.w25qxx_write_disable), (22 bytes).
    Removing w25qxx.o(i.w25qxx_write_enable), (22 bytes).
    Removing w25qxx.o(i.w25qxx_write_nocheck), (64 bytes).
    Removing w25qxx.o(i.w25qxx_write_page), (80 bytes).
    Removing w25qxx.o(.bss), (4096 bytes).
    Removing spi.o(.rev16_text), (4 bytes).
    Removing spi.o(.revsh_text), (4 bytes).
    Removing spi.o(i.soft_spi_begin), (10 bytes).
    Removing spi.o(i.soft_spi_end), (32 bytes).
    Removing spi.o(i.soft_spi_init), (14 bytes).
    Removing spi.o(i.soft_spi_init_io), (40 bytes).
    Removing spi.o(i.soft_spi_init_mode), (84 bytes).
    Removing spi.o(i.soft_spi_r_miso), (16 bytes).
    Removing spi.o(i.soft_spi_swap), (164 bytes).
    Removing spi.o(i.soft_spi_w_cs), (20 bytes).
    Removing spi.o(i.soft_spi_w_mosi), (20 bytes).
    Removing spi.o(i.soft_spi_w_sck), (20 bytes).
    Removing spi.o(.data), (2 bytes).
    Removing timer.o(.rev16_text), (4 bytes).
    Removing timer.o(.revsh_text), (4 bytes).
    Removing pid_speed.o(.rev16_text), (4 bytes).
    Removing pid_speed.o(.revsh_text), (4 bytes).
    Removing pid_speed.o(i.speed_pid), (180 bytes).
    Removing pid_speed.o(i.speedd_clear), (44 bytes).
    Removing pid_speed.o(.data), (28 bytes).
    Removing pid_angle.o(.rev16_text), (4 bytes).
    Removing pid_angle.o(.revsh_text), (4 bytes).
    Removing pid_angle.o(i.angle_clear), (28 bytes).
    Removing pid_i.o(.rev16_text), (4 bytes).
    Removing pid_i.o(.revsh_text), (4 bytes).
    Removing pid_i.o(i.Id_pid), (184 bytes).
    Removing pid_i.o(i.Iq_pid), (180 bytes).
    Removing pid_i.o(i.LowPass_Filter_I), (196 bytes).
    Removing pid_i.o(i.speed_2_clear), (44 bytes).
    Removing pid_i.o(i.speed_clear), (44 bytes).
    Removing pid_i.o(.data), (64 bytes).
    Removing gd32f10x_it.o(.rev16_text), (4 bytes).
    Removing gd32f10x_it.o(.revsh_text), (4 bytes).
    Removing main.o(.rev16_text), (4 bytes).
    Removing main.o(.revsh_text), (4 bytes).
    Removing systick.o(.rev16_text), (4 bytes).
    Removing systick.o(.revsh_text), (4 bytes).
    Removing dscalb.o(.text), (46 bytes).

641 unused section(s) (total 28941 bytes) removed from the image.

==============================================================================

Image Symbol Table

    Local Symbols

    Symbol Name                              Value     Ov Type        Size  Object(Section)

    ../clib/microlib/division.c              0x00000000   Number         0  uldiv.o ABSOLUTE
    ../clib/microlib/division.c              0x00000000   Number         0  uidiv.o ABSOLUTE
    ../clib/microlib/errno.c                 0x00000000   Number         0  errno.o ABSOLUTE
    ../clib/microlib/init/entry.s            0x00000000   Number         0  entry7a.o ABSOLUTE
    ../clib/microlib/init/entry.s            0x00000000   Number         0  entry11a.o ABSOLUTE
    ../clib/microlib/init/entry.s            0x00000000   Number         0  entry.o ABSOLUTE
    ../clib/microlib/init/entry.s            0x00000000   Number         0  entry10b.o ABSOLUTE
    ../clib/microlib/init/entry.s            0x00000000   Number         0  entry12a.o ABSOLUTE
    ../clib/microlib/init/entry.s            0x00000000   Number         0  entry12b.o ABSOLUTE
    ../clib/microlib/init/entry.s            0x00000000   Number         0  entry9b.o ABSOLUTE
    ../clib/microlib/init/entry.s            0x00000000   Number         0  entry11b.o ABSOLUTE
    ../clib/microlib/init/entry.s            0x00000000   Number         0  entry9a.o ABSOLUTE
    ../clib/microlib/init/entry.s            0x00000000   Number         0  entry8b.o ABSOLUTE
    ../clib/microlib/init/entry.s            0x00000000   Number         0  entry10a.o ABSOLUTE
    ../clib/microlib/init/entry.s            0x00000000   Number         0  entry8a.o ABSOLUTE
    ../clib/microlib/init/entry.s            0x00000000   Number         0  entry7b.o ABSOLUTE
    ../clib/microlib/init/entry.s            0x00000000   Number         0  entry5.o ABSOLUTE
    ../clib/microlib/init/entry.s            0x00000000   Number         0  entry2.o ABSOLUTE
    ../clib/microlib/longlong.c              0x00000000   Number         0  llushr.o ABSOLUTE
    ../clib/microlib/longlong.c              0x00000000   Number         0  llshl.o ABSOLUTE
    ../clib/microlib/longlong.c              0x00000000   Number         0  llsshr.o ABSOLUTE
    ../clib/microlib/printf/printf.c         0x00000000   Number         0  printfb.o ABSOLUTE
    ../clib/microlib/printf/printf.c         0x00000000   Number         0  printfa.o ABSOLUTE
    ../clib/microlib/printf/printf.c         0x00000000   Number         0  printf8.o ABSOLUTE
    ../clib/microlib/printf/printf.c         0x00000000   Number         0  printf7.o ABSOLUTE
    ../clib/microlib/printf/printf.c         0x00000000   Number         0  printf6.o ABSOLUTE
    ../clib/microlib/printf/printf.c         0x00000000   Number         0  printf5.o ABSOLUTE
    ../clib/microlib/printf/printf.c         0x00000000   Number         0  printf4.o ABSOLUTE
    ../clib/microlib/printf/printf.c         0x00000000   Number         0  printf3.o ABSOLUTE
    ../clib/microlib/printf/printf.c         0x00000000   Number         0  printf2.o ABSOLUTE
    ../clib/microlib/printf/printf.c         0x00000000   Number         0  printf1.o ABSOLUTE
    ../clib/microlib/printf/printf.c         0x00000000   Number         0  printf0.o ABSOLUTE
    ../clib/microlib/printf/stubs.s          0x00000000   Number         0  stubs.o ABSOLUTE
    ../clib/microlib/stdio/streams.c         0x00000000   Number         0  stdout.o ABSOLUTE
    ../clib/microlib/stubs.s                 0x00000000   Number         0  iusefp.o ABSOLUTE
    ../fplib/microlib/d2f.c                  0x00000000   Number         0  d2f.o ABSOLUTE
    ../fplib/microlib/f2d.c                  0x00000000   Number         0  f2d.o ABSOLUTE
    ../fplib/microlib/fpadd.c                0x00000000   Number         0  fadd.o ABSOLUTE
    ../fplib/microlib/fpadd.c                0x00000000   Number         0  dadd.o ABSOLUTE
    ../fplib/microlib/fpdiv.c                0x00000000   Number         0  ddiv.o ABSOLUTE
    ../fplib/microlib/fpdiv.c                0x00000000   Number         0  fdiv.o ABSOLUTE
    ../fplib/microlib/fpepilogue.c           0x00000000   Number         0  fepilogue.o ABSOLUTE
    ../fplib/microlib/fpepilogue.c           0x00000000   Number         0  depilogue.o ABSOLUTE
    ../fplib/microlib/fpfix.c                0x00000000   Number         0  dfixul.o ABSOLUTE
    ../fplib/microlib/fpfix.c                0x00000000   Number         0  ffixi.o ABSOLUTE
    ../fplib/microlib/fpflt.c                0x00000000   Number         0  ffltui.o ABSOLUTE
    ../fplib/microlib/fpflt.c                0x00000000   Number         0  fflti.o ABSOLUTE
    ../fplib/microlib/fpmul.c                0x00000000   Number         0  dmul.o ABSOLUTE
    ../fplib/microlib/fpmul.c                0x00000000   Number         0  fmul.o ABSOLUTE
    ../fplib/microlib/fprem.c                0x00000000   Number         0  drem.o ABSOLUTE
    ../fplib/microlib/fpscalb.c              0x00000000   Number         0  dscalb.o ABSOLUTE
    ../mathlib/dunder.c                      0x00000000   Number         0  dunder.o ABSOLUTE
    ../mathlib/fmod.c                        0x00000000   Number         0  fmod.o ABSOLUTE
    ../mathlib/fmod.c                        0x00000000   Number         0  fmod_x.o ABSOLUTE
    ..\Firmware\CMSIS\GD\GD32F10x\Source\ARM\startup_gd32f10x_md.s 0x00000000   Number         0  startup_gd32f10x_md.o ABSOLUTE
    ..\Firmware\CMSIS\GD\GD32F10x\Source\system_gd32f10x.c 0x00000000   Number         0  system_gd32f10x.o ABSOLUTE
    ..\Firmware\GD32F10x_standard_peripheral\Source\gd32f10x_adc.c 0x00000000   Number         0  gd32f10x_adc.o ABSOLUTE
    ..\Firmware\GD32F10x_standard_peripheral\Source\gd32f10x_bkp.c 0x00000000   Number         0  gd32f10x_bkp.o ABSOLUTE
    ..\Firmware\GD32F10x_standard_peripheral\Source\gd32f10x_can.c 0x00000000   Number         0  gd32f10x_can.o ABSOLUTE
    ..\Firmware\GD32F10x_standard_peripheral\Source\gd32f10x_crc.c 0x00000000   Number         0  gd32f10x_crc.o ABSOLUTE
    ..\Firmware\GD32F10x_standard_peripheral\Source\gd32f10x_dac.c 0x00000000   Number         0  gd32f10x_dac.o ABSOLUTE
    ..\Firmware\GD32F10x_standard_peripheral\Source\gd32f10x_dbg.c 0x00000000   Number         0  gd32f10x_dbg.o ABSOLUTE
    ..\Firmware\GD32F10x_standard_peripheral\Source\gd32f10x_dma.c 0x00000000   Number         0  gd32f10x_dma.o ABSOLUTE
    ..\Firmware\GD32F10x_standard_peripheral\Source\gd32f10x_enet.c 0x00000000   Number         0  gd32f10x_enet.o ABSOLUTE
    ..\Firmware\GD32F10x_standard_peripheral\Source\gd32f10x_exmc.c 0x00000000   Number         0  gd32f10x_exmc.o ABSOLUTE
    ..\Firmware\GD32F10x_standard_peripheral\Source\gd32f10x_exti.c 0x00000000   Number         0  gd32f10x_exti.o ABSOLUTE
    ..\Firmware\GD32F10x_standard_peripheral\Source\gd32f10x_fmc.c 0x00000000   Number         0  gd32f10x_fmc.o ABSOLUTE
    ..\Firmware\GD32F10x_standard_peripheral\Source\gd32f10x_fwdgt.c 0x00000000   Number         0  gd32f10x_fwdgt.o ABSOLUTE
    ..\Firmware\GD32F10x_standard_peripheral\Source\gd32f10x_gpio.c 0x00000000   Number         0  gd32f10x_gpio.o ABSOLUTE
    ..\Firmware\GD32F10x_standard_peripheral\Source\gd32f10x_i2c.c 0x00000000   Number         0  gd32f10x_i2c.o ABSOLUTE
    ..\Firmware\GD32F10x_standard_peripheral\Source\gd32f10x_misc.c 0x00000000   Number         0  gd32f10x_misc.o ABSOLUTE
    ..\Firmware\GD32F10x_standard_peripheral\Source\gd32f10x_pmu.c 0x00000000   Number         0  gd32f10x_pmu.o ABSOLUTE
    ..\Firmware\GD32F10x_standard_peripheral\Source\gd32f10x_rcu.c 0x00000000   Number         0  gd32f10x_rcu.o ABSOLUTE
    ..\Firmware\GD32F10x_standard_peripheral\Source\gd32f10x_rtc.c 0x00000000   Number         0  gd32f10x_rtc.o ABSOLUTE
    ..\Firmware\GD32F10x_standard_peripheral\Source\gd32f10x_sdio.c 0x00000000   Number         0  gd32f10x_sdio.o ABSOLUTE
    ..\Firmware\GD32F10x_standard_peripheral\Source\gd32f10x_spi.c 0x00000000   Number         0  gd32f10x_spi.o ABSOLUTE
    ..\Firmware\GD32F10x_standard_peripheral\Source\gd32f10x_timer.c 0x00000000   Number         0  gd32f10x_timer.o ABSOLUTE
    ..\Firmware\GD32F10x_standard_peripheral\Source\gd32f10x_usart.c 0x00000000   Number         0  gd32f10x_usart.o ABSOLUTE
    ..\Firmware\GD32F10x_standard_peripheral\Source\gd32f10x_wwdgt.c 0x00000000   Number         0  gd32f10x_wwdgt.o ABSOLUTE
    ..\Hardware\ADC.c                        0x00000000   Number         0  adc.o ABSOLUTE
    ..\Hardware\AS5600.c                     0x00000000   Number         0  as5600.o ABSOLUTE
    ..\Hardware\Delay.c                      0x00000000   Number         0  delay.o ABSOLUTE
    ..\Hardware\FOC.c                        0x00000000   Number         0  foc.o ABSOLUTE
    ..\Hardware\GPIO.c                       0x00000000   Number         0  gpio.o ABSOLUTE
    ..\Hardware\IIC.c                        0x00000000   Number         0  iic.o ABSOLUTE
    ..\Hardware\Key.c                        0x00000000   Number         0  key.o ABSOLUTE
    ..\Hardware\Menu.c                       0x00000000   Number         0  menu.o ABSOLUTE
    ..\Hardware\OLED.c                       0x00000000   Number         0  oled.o ABSOLUTE
    ..\Hardware\PID_Angle.c                  0x00000000   Number         0  pid_angle.o ABSOLUTE
    ..\Hardware\PID_I.c                      0x00000000   Number         0  pid_i.o ABSOLUTE
    ..\Hardware\PID_Speed.c                  0x00000000   Number         0  pid_speed.o ABSOLUTE
    ..\Hardware\PWM.c                        0x00000000   Number         0  pwm.o ABSOLUTE
    ..\Hardware\SPI.c                        0x00000000   Number         0  spi.o ABSOLUTE
    ..\Hardware\Timer.c                      0x00000000   Number         0  timer.o ABSOLUTE
    ..\Hardware\W25QXX.c                     0x00000000   Number         0  w25qxx.o ABSOLUTE
    ..\Hardware\usart.c                      0x00000000   Number         0  usart.o ABSOLUTE
    ..\User\gd32f10x_it.c                    0x00000000   Number         0  gd32f10x_it.o ABSOLUTE
    ..\User\main.c                           0x00000000   Number         0  main.o ABSOLUTE
    ..\User\systick.c                        0x00000000   Number         0  systick.o ABSOLUTE
    ..\\Firmware\\CMSIS\\GD\\GD32F10x\\Source\\system_gd32f10x.c 0x00000000   Number         0  system_gd32f10x.o ABSOLUTE
    ..\\Firmware\\GD32F10x_standard_peripheral\\Source\\gd32f10x_adc.c 0x00000000   Number         0  gd32f10x_adc.o ABSOLUTE
    ..\\Firmware\\GD32F10x_standard_peripheral\\Source\\gd32f10x_bkp.c 0x00000000   Number         0  gd32f10x_bkp.o ABSOLUTE
    ..\\Firmware\\GD32F10x_standard_peripheral\\Source\\gd32f10x_can.c 0x00000000   Number         0  gd32f10x_can.o ABSOLUTE
    ..\\Firmware\\GD32F10x_standard_peripheral\\Source\\gd32f10x_crc.c 0x00000000   Number         0  gd32f10x_crc.o ABSOLUTE
    ..\\Firmware\\GD32F10x_standard_peripheral\\Source\\gd32f10x_dac.c 0x00000000   Number         0  gd32f10x_dac.o ABSOLUTE
    ..\\Firmware\\GD32F10x_standard_peripheral\\Source\\gd32f10x_dbg.c 0x00000000   Number         0  gd32f10x_dbg.o ABSOLUTE
    ..\\Firmware\\GD32F10x_standard_peripheral\\Source\\gd32f10x_dma.c 0x00000000   Number         0  gd32f10x_dma.o ABSOLUTE
    ..\\Firmware\\GD32F10x_standard_peripheral\\Source\\gd32f10x_enet.c 0x00000000   Number         0  gd32f10x_enet.o ABSOLUTE
    ..\\Firmware\\GD32F10x_standard_peripheral\\Source\\gd32f10x_exmc.c 0x00000000   Number         0  gd32f10x_exmc.o ABSOLUTE
    ..\\Firmware\\GD32F10x_standard_peripheral\\Source\\gd32f10x_exti.c 0x00000000   Number         0  gd32f10x_exti.o ABSOLUTE
    ..\\Firmware\\GD32F10x_standard_peripheral\\Source\\gd32f10x_fmc.c 0x00000000   Number         0  gd32f10x_fmc.o ABSOLUTE
    ..\\Firmware\\GD32F10x_standard_peripheral\\Source\\gd32f10x_fwdgt.c 0x00000000   Number         0  gd32f10x_fwdgt.o ABSOLUTE
    ..\\Firmware\\GD32F10x_standard_peripheral\\Source\\gd32f10x_gpio.c 0x00000000   Number         0  gd32f10x_gpio.o ABSOLUTE
    ..\\Firmware\\GD32F10x_standard_peripheral\\Source\\gd32f10x_i2c.c 0x00000000   Number         0  gd32f10x_i2c.o ABSOLUTE
    ..\\Firmware\\GD32F10x_standard_peripheral\\Source\\gd32f10x_misc.c 0x00000000   Number         0  gd32f10x_misc.o ABSOLUTE
    ..\\Firmware\\GD32F10x_standard_peripheral\\Source\\gd32f10x_pmu.c 0x00000000   Number         0  gd32f10x_pmu.o ABSOLUTE
    ..\\Firmware\\GD32F10x_standard_peripheral\\Source\\gd32f10x_rcu.c 0x00000000   Number         0  gd32f10x_rcu.o ABSOLUTE
    ..\\Firmware\\GD32F10x_standard_peripheral\\Source\\gd32f10x_rtc.c 0x00000000   Number         0  gd32f10x_rtc.o ABSOLUTE
    ..\\Firmware\\GD32F10x_standard_peripheral\\Source\\gd32f10x_sdio.c 0x00000000   Number         0  gd32f10x_sdio.o ABSOLUTE
    ..\\Firmware\\GD32F10x_standard_peripheral\\Source\\gd32f10x_spi.c 0x00000000   Number         0  gd32f10x_spi.o ABSOLUTE
    ..\\Firmware\\GD32F10x_standard_peripheral\\Source\\gd32f10x_timer.c 0x00000000   Number         0  gd32f10x_timer.o ABSOLUTE
    ..\\Firmware\\GD32F10x_standard_peripheral\\Source\\gd32f10x_usart.c 0x00000000   Number         0  gd32f10x_usart.o ABSOLUTE
    ..\\Firmware\\GD32F10x_standard_peripheral\\Source\\gd32f10x_wwdgt.c 0x00000000   Number         0  gd32f10x_wwdgt.o ABSOLUTE
    ..\\Hardware\\ADC.c                      0x00000000   Number         0  adc.o ABSOLUTE
    ..\\Hardware\\AS5600.c                   0x00000000   Number         0  as5600.o ABSOLUTE
    ..\\Hardware\\FOC.c                      0x00000000   Number         0  foc.o ABSOLUTE
    ..\\Hardware\\GPIO.c                     0x00000000   Number         0  gpio.o ABSOLUTE
    ..\\Hardware\\IIC.c                      0x00000000   Number         0  iic.o ABSOLUTE
    ..\\Hardware\\Key.c                      0x00000000   Number         0  key.o ABSOLUTE
    ..\\Hardware\\OLED.c                     0x00000000   Number         0  oled.o ABSOLUTE
    ..\\Hardware\\PID_Angle.c                0x00000000   Number         0  pid_angle.o ABSOLUTE
    ..\\Hardware\\PID_I.c                    0x00000000   Number         0  pid_i.o ABSOLUTE
    ..\\Hardware\\PID_Speed.c                0x00000000   Number         0  pid_speed.o ABSOLUTE
    ..\\Hardware\\PWM.c                      0x00000000   Number         0  pwm.o ABSOLUTE
    ..\\Hardware\\SPI.c                      0x00000000   Number         0  spi.o ABSOLUTE
    ..\\Hardware\\Timer.c                    0x00000000   Number         0  timer.o ABSOLUTE
    ..\\Hardware\\W25QXX.c                   0x00000000   Number         0  w25qxx.o ABSOLUTE
    ..\\Hardware\\usart.c                    0x00000000   Number         0  usart.o ABSOLUTE
    ..\\User\\gd32f10x_it.c                  0x00000000   Number         0  gd32f10x_it.o ABSOLUTE
    ..\\User\\main.c                         0x00000000   Number         0  main.o ABSOLUTE
    ..\\User\\systick.c                      0x00000000   Number         0  systick.o ABSOLUTE
    cdcmple.s                                0x00000000   Number         0  cdcmple.o ABSOLUTE
    cdrcmple.s                               0x00000000   Number         0  cdrcmple.o ABSOLUTE
    cfcmple.s                                0x00000000   Number         0  cfcmple.o ABSOLUTE
    cfrcmple.s                               0x00000000   Number         0  cfrcmple.o ABSOLUTE
    dc.s                                     0x00000000   Number         0  dc.o ABSOLUTE
    handlers.s                               0x00000000   Number         0  handlers.o ABSOLUTE
    init.s                                   0x00000000   Number         0  init.o ABSOLUTE
    RESET                                    0x08000000   Section      260  startup_gd32f10x_md.o(RESET)
    .ARM.Collect$$$$00000000                 0x08000104   Section        0  entry.o(.ARM.Collect$$$$00000000)
    .ARM.Collect$$$$00000001                 0x08000104   Section        4  entry2.o(.ARM.Collect$$$$00000001)
    .ARM.Collect$$$$00000004                 0x08000108   Section        4  entry5.o(.ARM.Collect$$$$00000004)
    .ARM.Collect$$$$00000008                 0x0800010c   Section        0  entry7b.o(.ARM.Collect$$$$00000008)
    .ARM.Collect$$$$0000000A                 0x0800010c   Section        0  entry8b.o(.ARM.Collect$$$$0000000A)
    .ARM.Collect$$$$0000000B                 0x0800010c   Section        8  entry9a.o(.ARM.Collect$$$$0000000B)
    .ARM.Collect$$$$0000000E                 0x08000114   Section        4  entry12b.o(.ARM.Collect$$$$0000000E)
    .ARM.Collect$$$$0000000F                 0x08000118   Section        0  entry10a.o(.ARM.Collect$$$$0000000F)
    .ARM.Collect$$$$00000011                 0x08000118   Section        0  entry11a.o(.ARM.Collect$$$$00000011)
    .ARM.Collect$$$$00002712                 0x08000118   Section        4  entry2.o(.ARM.Collect$$$$00002712)
    __lit__00000000                          0x08000118   Data           4  entry2.o(.ARM.Collect$$$$00002712)
    .text                                    0x0800011c   Section       36  startup_gd32f10x_md.o(.text)
    .text                                    0x08000140   Section        0  fadd.o(.text)
    .text                                    0x080001f0   Section        0  fmul.o(.text)
    .text                                    0x08000254   Section        0  fdiv.o(.text)
    .text                                    0x080002d0   Section        0  dadd.o(.text)
    .text                                    0x0800041e   Section        0  dmul.o(.text)
    .text                                    0x08000502   Section        0  ddiv.o(.text)
    .text                                    0x080005e0   Section        0  fflti.o(.text)
    .text                                    0x080005f2   Section        0  ffltui.o(.text)
    .text                                    0x080005fc   Section        0  ffixi.o(.text)
    .text                                    0x0800062e   Section        0  f2d.o(.text)
    .text                                    0x08000654   Section       48  cdcmple.o(.text)
    .text                                    0x08000684   Section       48  cdrcmple.o(.text)
    .text                                    0x080006b4   Section        0  d2f.o(.text)
    .text                                    0x080006ec   Section       20  cfcmple.o(.text)
    .text                                    0x08000700   Section       20  cfrcmple.o(.text)
    .text                                    0x08000714   Section        0  uidiv.o(.text)
    .text                                    0x08000740   Section        0  uldiv.o(.text)
    .text                                    0x080007a2   Section        0  llshl.o(.text)
    .text                                    0x080007c0   Section        0  llsshr.o(.text)
    .text                                    0x080007e4   Section        0  fepilogue.o(.text)
    .text                                    0x080007e4   Section        0  iusefp.o(.text)
    .text                                    0x08000852   Section        0  depilogue.o(.text)
    .text                                    0x0800090c   Section        0  drem.o(.text)
    .text                                    0x08000992   Section        0  dfixul.o(.text)
    .text                                    0x080009c4   Section       36  init.o(.text)
    .text                                    0x080009e8   Section        0  llushr.o(.text)
    i.AS5600_IIC_Read_OneByte                0x08000a08   Section        0  as5600.o(i.AS5600_IIC_Read_OneByte)
    i.Angle_limit                            0x08000a48   Section        0  foc.o(i.Angle_limit)
    i.BusFault_Handler                       0x08000a9c   Section        0  gd32f10x_it.o(i.BusFault_Handler)
    i.DebugMon_Handler                       0x08000aa0   Section        0  gd32f10x_it.o(i.DebugMon_Handler)
    i.GPIO_Init_AF                           0x08000aa4   Section        0  gpio.o(i.GPIO_Init_AF)
    i.HardFault_Handler                      0x08000af8   Section        0  gd32f10x_it.o(i.HardFault_Handler)
    i.IIC_Ack_AS5600                         0x08000afc   Section        0  iic.o(i.IIC_Ack_AS5600)
    i.IIC_GPIO_Init                          0x08000b3c   Section        0  oled.o(i.IIC_GPIO_Init)
    i.IIC_NAck_AS5600                        0x08000b90   Section        0  iic.o(i.IIC_NAck_AS5600)
    i.IIC_Read_Byte_AS5600                   0x08000bd0   Section        0  iic.o(i.IIC_Read_Byte_AS5600)
    i.IIC_Send_Byte_AS5600                   0x08000c30   Section        0  iic.o(i.IIC_Send_Byte_AS5600)
    i.IIC_Start                              0x08000c98   Section        0  oled.o(i.IIC_Start)
    i.IIC_Start_AS5600                       0x08000cdc   Section        0  iic.o(i.IIC_Start_AS5600)
    i.IIC_Stop                               0x08000d1c   Section        0  oled.o(i.IIC_Stop)
    i.IIC_Stop_AS5600                        0x08000d54   Section        0  iic.o(i.IIC_Stop_AS5600)
    i.IIC_Wait_Ack                           0x08000d94   Section        0  oled.o(i.IIC_Wait_Ack)
    i.IIC_Wait_Ack_AS5600                    0x08000df0   Section        0  iic.o(i.IIC_Wait_Ack_AS5600)
    i.Key_Get                                0x08000e4c   Section        0  key.o(i.Key_Get)
    i.Key_Init                               0x08000f24   Section        0  key.o(i.Key_Init)
    i.MemManage_Handler                      0x08000f5c   Section        0  gd32f10x_it.o(i.MemManage_Handler)
    i.NMI_Handler                            0x08000f60   Section        0  gd32f10x_it.o(i.NMI_Handler)
    i.NVIC_SetPriority                       0x08000f64   Section        0  systick.o(i.NVIC_SetPriority)
    NVIC_SetPriority                         0x08000f65   Thumb Code    32  systick.o(i.NVIC_SetPriority)
    i.OLED_Clear                             0x08000f8c   Section        0  oled.o(i.OLED_Clear)
    i.OLED_ColorTurn                         0x08000fcc   Section        0  oled.o(i.OLED_ColorTurn)
    i.OLED_DisplayTurn                       0x08000fe8   Section        0  oled.o(i.OLED_DisplayTurn)
    i.OLED_Init                              0x08001014   Section        0  oled.o(i.OLED_Init)
    i.OLED_Set_Pos                           0x08001110   Section        0  oled.o(i.OLED_Set_Pos)
    i.OLED_ShowChar                          0x0800113c   Section        0  oled.o(i.OLED_ShowChar)
    i.OLED_ShowFNum                          0x08001190   Section        0  oled.o(i.OLED_ShowFNum)
    i.OLED_ShowNum                           0x080012ac   Section        0  oled.o(i.OLED_ShowNum)
    i.OLED_ShowString                        0x08001330   Section        0  oled.o(i.OLED_ShowString)
    i.OLED_WR_Byte                           0x08001366   Section        0  oled.o(i.OLED_WR_Byte)
    i.PendSV_Handler                         0x0800137e   Section        0  gd32f10x_it.o(i.PendSV_Handler)
    i.SVC_Handler                            0x08001380   Section        0  gd32f10x_it.o(i.SVC_Handler)
    i.SysTick_Handler                        0x08001384   Section        0  gd32f10x_it.o(i.SysTick_Handler)
    i.SystemInit                             0x0800138c   Section        0  system_gd32f10x.o(i.SystemInit)
    i.TIMER2_IRQHandler                      0x08001458   Section        0  timer.o(i.TIMER2_IRQHandler)
    i.Timer2_init                            0x08001538   Section        0  timer.o(i.Timer2_init)
    i.UsageFault_Handler                     0x080015a8   Section        0  gd32f10x_it.o(i.UsageFault_Handler)
    i.Write_IIC_Byte                         0x080015ac   Section        0  oled.o(i.Write_IIC_Byte)
    i.Write_IIC_Command                      0x0800161c   Section        0  oled.o(i.Write_IIC_Command)
    i.Write_IIC_Data                         0x0800163c   Section        0  oled.o(i.Write_IIC_Data)
    i.__0printf                              0x0800165c   Section        0  printfa.o(i.__0printf)
    i.__mathlib_dbl_invalid                  0x0800167c   Section        0  dunder.o(i.__mathlib_dbl_invalid)
    i.__scatterload_copy                     0x08001688   Section       14  handlers.o(i.__scatterload_copy)
    i.__scatterload_null                     0x08001696   Section        2  handlers.o(i.__scatterload_null)
    i.__scatterload_zeroinit                 0x08001698   Section       14  handlers.o(i.__scatterload_zeroinit)
    i.__set_errno                            0x080016a8   Section        0  errno.o(i.__set_errno)
    i._electricalAngle                       0x080016b4   Section        0  foc.o(i._electricalAngle)
    i._fp_digits                             0x080016d8   Section        0  printfa.o(i._fp_digits)
    _fp_digits                               0x080016d9   Thumb Code   366  printfa.o(i._fp_digits)
    i._printf_core                           0x0800185c   Section        0  printfa.o(i._printf_core)
    _printf_core                             0x0800185d   Thumb Code  1704  printfa.o(i._printf_core)
    i._printf_post_padding                   0x08001f10   Section        0  printfa.o(i._printf_post_padding)
    _printf_post_padding                     0x08001f11   Thumb Code    36  printfa.o(i._printf_post_padding)
    i._printf_pre_padding                    0x08001f34   Section        0  printfa.o(i._printf_pre_padding)
    _printf_pre_padding                      0x08001f35   Thumb Code    46  printfa.o(i._printf_pre_padding)
    i.adc_calibration_enable                 0x08001f62   Section        0  gd32f10x_adc.o(i.adc_calibration_enable)
    i.adc_channel_length_config              0x08001f8c   Section        0  gd32f10x_adc.o(i.adc_channel_length_config)
    i.adc_config                             0x08001fd4   Section        0  adc.o(i.adc_config)
    i.adc_data_alignment_config              0x08002044   Section        0  gd32f10x_adc.o(i.adc_data_alignment_config)
    i.adc_enable                             0x0800205a   Section        0  gd32f10x_adc.o(i.adc_enable)
    i.adc_external_trigger_config            0x0800206c   Section        0  gd32f10x_adc.o(i.adc_external_trigger_config)
    i.adc_external_trigger_source_config     0x080020aa   Section        0  gd32f10x_adc.o(i.adc_external_trigger_source_config)
    i.adc_flag_clear                         0x080020da   Section        0  gd32f10x_adc.o(i.adc_flag_clear)
    i.adc_flag_get                           0x080020e2   Section        0  gd32f10x_adc.o(i.adc_flag_get)
    i.adc_mode_config                        0x080020f0   Section        0  gd32f10x_adc.o(i.adc_mode_config)
    i.adc_regular_channel_config             0x0800210c   Section        0  gd32f10x_adc.o(i.adc_regular_channel_config)
    i.adc_regular_data_read                  0x080021b8   Section        0  gd32f10x_adc.o(i.adc_regular_data_read)
    i.adc_software_trigger_enable            0x080021c0   Section        0  gd32f10x_adc.o(i.adc_software_trigger_enable)
    i.adc_special_function_config            0x080021de   Section        0  gd32f10x_adc.o(i.adc_special_function_config)
    i.angle_get                              0x08002238   Section        0  as5600.o(i.angle_get)
    i.angle_get_all                          0x080022b8   Section        0  as5600.o(i.angle_get_all)
    i.angle_init                             0x08002328   Section        0  foc.o(i.angle_init)
    i.angle_pid                              0x08002360   Section        0  pid_angle.o(i.angle_pid)
    i.delay                                  0x080023e4   Section        0  oled.o(i.delay)
    delay                                    0x080023e5   Thumb Code    12  oled.o(i.delay)
    i.delay_1ms                              0x080023f0   Section        0  systick.o(i.delay_1ms)
    i.delay_decrement                        0x08002404   Section        0  systick.o(i.delay_decrement)
    i.delay_s                                0x0800241c   Section        0  iic.o(i.delay_s)
    i.f1                                     0x08002428   Section        0  foc.o(i.f1)
    f1                                       0x08002429   Thumb Code    96  foc.o(i.f1)
    i.f2                                     0x080024a0   Section        0  foc.o(i.f2)
    f2                                       0x080024a1   Thumb Code    96  foc.o(i.f2)
    i.fast_cos                               0x08002518   Section        0  foc.o(i.fast_cos)
    fast_cos                                 0x08002519   Thumb Code   128  foc.o(i.fast_cos)
    i.fast_sin                               0x080025a0   Section        0  foc.o(i.fast_sin)
    fast_sin                                 0x080025a1   Thumb Code   134  foc.o(i.fast_sin)
    i.fmod                                   0x08002630   Section        0  fmod.o(i.fmod)
    i.fputc                                  0x080026c4   Section        0  usart.o(i.fputc)
    i.gpio_bit_reset                         0x080026e8   Section        0  gd32f10x_gpio.o(i.gpio_bit_reset)
    i.gpio_bit_set                           0x080026ec   Section        0  gd32f10x_gpio.o(i.gpio_bit_set)
    i.gpio_config                            0x080026f0   Section        0  adc.o(i.gpio_config)
    i.gpio_init                              0x0800271c   Section        0  gd32f10x_gpio.o(i.gpio_init)
    i.gpio_input_bit_get                     0x080027c8   Section        0  gd32f10x_gpio.o(i.gpio_input_bit_get)
    i.gpio_pin_remap_config                  0x080027d8   Section        0  gd32f10x_gpio.o(i.gpio_pin_remap_config)
    i.limit                                  0x08002868   Section        0  foc.o(i.limit)
    i.main                                   0x08002894   Section        0  main.o(i.main)
    i.nvic_irq_enable                        0x08002ad0   Section        0  gd32f10x_misc.o(i.nvic_irq_enable)
    i.nvic_priority_group_set                0x08002b7c   Section        0  gd32f10x_misc.o(i.nvic_priority_group_set)
    i.oled_pow                               0x08002b90   Section        0  oled.o(i.oled_pow)
    i.pwm_a_write                            0x08002ba6   Section        0  pwm.o(i.pwm_a_write)
    i.pwm_b_write                            0x08002bb6   Section        0  pwm.o(i.pwm_b_write)
    i.pwm_c_write                            0x08002bc6   Section        0  pwm.o(i.pwm_c_write)
    i.rcu_adc_clock_config                   0x08002bd8   Section        0  gd32f10x_rcu.o(i.rcu_adc_clock_config)
    i.rcu_periph_clock_enable                0x08002c20   Section        0  gd32f10x_rcu.o(i.rcu_periph_clock_enable)
    i.rcu_periph_reset_disable               0x08002c40   Section        0  gd32f10x_rcu.o(i.rcu_periph_reset_disable)
    i.rcu_periph_reset_enable                0x08002c60   Section        0  gd32f10x_rcu.o(i.rcu_periph_reset_enable)
    i.read_adc0_data                         0x08002c80   Section        0  adc.o(i.read_adc0_data)
    i.setPhaseVoltage                        0x08002cbc   Section        0  foc.o(i.setPhaseVoltage)
    i.setpwm                                 0x08002e28   Section        0  foc.o(i.setpwm)
    i.system_clock_72m_irc8m                 0x08002f04   Section        0  system_gd32f10x.o(i.system_clock_72m_irc8m)
    system_clock_72m_irc8m                   0x08002f05   Thumb Code   160  system_gd32f10x.o(i.system_clock_72m_irc8m)
    i.system_clock_config                    0x08002fb0   Section        0  system_gd32f10x.o(i.system_clock_config)
    system_clock_config                      0x08002fb1   Thumb Code     8  system_gd32f10x.o(i.system_clock_config)
    i.systick_config                         0x08002fb8   Section        0  systick.o(i.systick_config)
    i.timer1_pwm_init                        0x08003008   Section        0  pwm.o(i.timer1_pwm_init)
    i.timer_auto_reload_shadow_enable        0x080030c8   Section        0  gd32f10x_timer.o(i.timer_auto_reload_shadow_enable)
    i.timer_channel_output_config            0x080030d4   Section        0  gd32f10x_timer.o(i.timer_channel_output_config)
    i.timer_channel_output_mode_config       0x080032c0   Section        0  gd32f10x_timer.o(i.timer_channel_output_mode_config)
    i.timer_channel_output_pulse_value_config 0x0800331a   Section        0  gd32f10x_timer.o(i.timer_channel_output_pulse_value_config)
    i.timer_deinit                           0x08003340   Section        0  gd32f10x_timer.o(i.timer_deinit)
    i.timer_enable                           0x0800341c   Section        0  gd32f10x_timer.o(i.timer_enable)
    i.timer_init                             0x08003428   Section        0  gd32f10x_timer.o(i.timer_init)
    i.timer_interrupt_enable                 0x08003508   Section        0  gd32f10x_timer.o(i.timer_interrupt_enable)
    i.timer_interrupt_flag_clear             0x08003510   Section        0  gd32f10x_timer.o(i.timer_interrupt_flag_clear)
    i.timer_interrupt_flag_get               0x08003516   Section        0  gd32f10x_timer.o(i.timer_interrupt_flag_get)
    i.timer_struct_para_init                 0x0800352e   Section        0  gd32f10x_timer.o(i.timer_struct_para_init)
    i.usart_data_transmit                    0x08003544   Section        0  gd32f10x_usart.o(i.usart_data_transmit)
    i.usart_flag_get                         0x0800354c   Section        0  gd32f10x_usart.o(i.usart_flag_get)
    .constdata                               0x0800356a   Section     2264  oled.o(.constdata)
    .data                                    0x20000000   Section        4  system_gd32f10x.o(.data)
    .data                                    0x20000004   Section        6  adc.o(.data)
    .data                                    0x2000000c   Section       48  as5600.o(.data)
    .data                                    0x2000003c   Section       80  foc.o(.data)
    .data                                    0x2000008c   Section        4  timer.o(.data)
    .data                                    0x20000090   Section       20  pid_angle.o(.data)
    .data                                    0x200000a4   Section       40  main.o(.data)
    .data                                    0x200000cc   Section        4  systick.o(.data)
    delay                                    0x200000cc   Data           4  systick.o(.data)
    .data                                    0x200000d0   Section        4  stdout.o(.data)
    .data                                    0x200000d4   Section        4  errno.o(.data)
    _errno                                   0x200000d4   Data           4  errno.o(.data)
    STACK                                    0x200000d8   Section     1024  startup_gd32f10x_md.o(STACK)

    Global Symbols

    Symbol Name                              Value     Ov Type        Size  Object(Section)

    BuildAttributes$$THM_ISAv4$P$D$K$B$S$PE$A:L22UL41UL21$X:L11$S22US41US21$IEEE1$IW$USESV6$~STKCKD$USESV7$~SHL$OTIME$ROPI$IEEEX$EBA8$MICROLIB$REQ8$PRES8$EABIv2 0x00000000   Number         0  anon$$obj.o ABSOLUTE
    __ARM_use_no_argv                        0x00000000   Number         0  main.o ABSOLUTE
    _printf_a                                0x00000000   Number         0  stubs.o ABSOLUTE
    _printf_c                                0x00000000   Number         0  stubs.o ABSOLUTE
    _printf_charcount                        0x00000000   Number         0  stubs.o ABSOLUTE
    _printf_d                                0x00000000   Number         0  stubs.o ABSOLUTE
    _printf_e                                0x00000000   Number         0  stubs.o ABSOLUTE
    _printf_f                                0x00000000   Number         0  stubs.o ABSOLUTE
    _printf_flags                            0x00000000   Number         0  stubs.o ABSOLUTE
    _printf_fp_dec                           0x00000000   Number         0  stubs.o ABSOLUTE
    _printf_fp_hex                           0x00000000   Number         0  stubs.o ABSOLUTE
    _printf_g                                0x00000000   Number         0  stubs.o ABSOLUTE
    _printf_i                                0x00000000   Number         0  stubs.o ABSOLUTE
    _printf_int_dec                          0x00000000   Number         0  stubs.o ABSOLUTE
    _printf_l                                0x00000000   Number         0  stubs.o ABSOLUTE
    _printf_lc                               0x00000000   Number         0  stubs.o ABSOLUTE
    _printf_ll                               0x00000000   Number         0  stubs.o ABSOLUTE
    _printf_lld                              0x00000000   Number         0  stubs.o ABSOLUTE
    _printf_lli                              0x00000000   Number         0  stubs.o ABSOLUTE
    _printf_llo                              0x00000000   Number         0  stubs.o ABSOLUTE
    _printf_llu                              0x00000000   Number         0  stubs.o ABSOLUTE
    _printf_llx                              0x00000000   Number         0  stubs.o ABSOLUTE
    _printf_longlong_dec                     0x00000000   Number         0  stubs.o ABSOLUTE
    _printf_longlong_hex                     0x00000000   Number         0  stubs.o ABSOLUTE
    _printf_longlong_oct                     0x00000000   Number         0  stubs.o ABSOLUTE
    _printf_ls                               0x00000000   Number         0  stubs.o ABSOLUTE
    _printf_mbtowc                           0x00000000   Number         0  stubs.o ABSOLUTE
    _printf_n                                0x00000000   Number         0  stubs.o ABSOLUTE
    _printf_o                                0x00000000   Number         0  stubs.o ABSOLUTE
    _printf_p                                0x00000000   Number         0  stubs.o ABSOLUTE
    _printf_percent                          0x00000000   Number         0  stubs.o ABSOLUTE
    _printf_pre_padding                      0x00000000   Number         0  stubs.o ABSOLUTE
    _printf_return_value                     0x00000000   Number         0  stubs.o ABSOLUTE
    _printf_s                                0x00000000   Number         0  stubs.o ABSOLUTE
    _printf_sizespec                         0x00000000   Number         0  stubs.o ABSOLUTE
    _printf_str                              0x00000000   Number         0  stubs.o ABSOLUTE
    _printf_truncate_signed                  0x00000000   Number         0  stubs.o ABSOLUTE
    _printf_truncate_unsigned                0x00000000   Number         0  stubs.o ABSOLUTE
    _printf_u                                0x00000000   Number         0  stubs.o ABSOLUTE
    _printf_wc                               0x00000000   Number         0  stubs.o ABSOLUTE
    _printf_wctomb                           0x00000000   Number         0  stubs.o ABSOLUTE
    _printf_widthprec                        0x00000000   Number         0  stubs.o ABSOLUTE
    _printf_x                                0x00000000   Number         0  stubs.o ABSOLUTE
    __arm_fini_                               - Undefined Weak Reference
    __cpp_initialize__aeabi_                  - Undefined Weak Reference
    __cxa_finalize                            - Undefined Weak Reference
    __decompress                              - Undefined Weak Reference
    _clock_init                               - Undefined Weak Reference
    _microlib_exit                            - Undefined Weak Reference
    __Vectors_Size                           0x00000104   Number         0  startup_gd32f10x_md.o ABSOLUTE
    __Vectors                                0x08000000   Data           4  startup_gd32f10x_md.o(RESET)
    __Vectors_End                            0x08000104   Data           0  startup_gd32f10x_md.o(RESET)
    __main                                   0x08000105   Thumb Code     0  entry.o(.ARM.Collect$$$$00000000)
    _main_stk                                0x08000105   Thumb Code     0  entry2.o(.ARM.Collect$$$$00000001)
    _main_scatterload                        0x08000109   Thumb Code     0  entry5.o(.ARM.Collect$$$$00000004)
    __main_after_scatterload                 0x0800010d   Thumb Code     0  entry5.o(.ARM.Collect$$$$00000004)
    _main_clock                              0x0800010d   Thumb Code     0  entry7b.o(.ARM.Collect$$$$00000008)
    _main_cpp_init                           0x0800010d   Thumb Code     0  entry8b.o(.ARM.Collect$$$$0000000A)
    _main_init                               0x0800010d   Thumb Code     0  entry9a.o(.ARM.Collect$$$$0000000B)
    __rt_lib_shutdown_fini                   0x08000115   Thumb Code     0  entry12b.o(.ARM.Collect$$$$0000000E)
    __rt_final_cpp                           0x08000119   Thumb Code     0  entry10a.o(.ARM.Collect$$$$0000000F)
    __rt_final_exit                          0x08000119   Thumb Code     0  entry11a.o(.ARM.Collect$$$$00000011)
    Reset_Handler                            0x0800011d   Thumb Code     8  startup_gd32f10x_md.o(.text)
    ADC0_1_IRQHandler                        0x08000137   Thumb Code     0  startup_gd32f10x_md.o(.text)
    CAN0_EWMC_IRQHandler                     0x08000137   Thumb Code     0  startup_gd32f10x_md.o(.text)
    CAN0_RX1_IRQHandler                      0x08000137   Thumb Code     0  startup_gd32f10x_md.o(.text)
    DMA0_Channel0_IRQHandler                 0x08000137   Thumb Code     0  startup_gd32f10x_md.o(.text)
    DMA0_Channel1_IRQHandler                 0x08000137   Thumb Code     0  startup_gd32f10x_md.o(.text)
    DMA0_Channel2_IRQHandler                 0x08000137   Thumb Code     0  startup_gd32f10x_md.o(.text)
    DMA0_Channel3_IRQHandler                 0x08000137   Thumb Code     0  startup_gd32f10x_md.o(.text)
    DMA0_Channel4_IRQHandler                 0x08000137   Thumb Code     0  startup_gd32f10x_md.o(.text)
    DMA0_Channel5_IRQHandler                 0x08000137   Thumb Code     0  startup_gd32f10x_md.o(.text)
    DMA0_Channel6_IRQHandler                 0x08000137   Thumb Code     0  startup_gd32f10x_md.o(.text)
    EXMC_IRQHandler                          0x08000137   Thumb Code     0  startup_gd32f10x_md.o(.text)
    EXTI0_IRQHandler                         0x08000137   Thumb Code     0  startup_gd32f10x_md.o(.text)
    EXTI10_15_IRQHandler                     0x08000137   Thumb Code     0  startup_gd32f10x_md.o(.text)
    EXTI1_IRQHandler                         0x08000137   Thumb Code     0  startup_gd32f10x_md.o(.text)
    EXTI2_IRQHandler                         0x08000137   Thumb Code     0  startup_gd32f10x_md.o(.text)
    EXTI3_IRQHandler                         0x08000137   Thumb Code     0  startup_gd32f10x_md.o(.text)
    EXTI4_IRQHandler                         0x08000137   Thumb Code     0  startup_gd32f10x_md.o(.text)
    EXTI5_9_IRQHandler                       0x08000137   Thumb Code     0  startup_gd32f10x_md.o(.text)
    FMC_IRQHandler                           0x08000137   Thumb Code     0  startup_gd32f10x_md.o(.text)
    I2C0_ER_IRQHandler                       0x08000137   Thumb Code     0  startup_gd32f10x_md.o(.text)
    I2C0_EV_IRQHandler                       0x08000137   Thumb Code     0  startup_gd32f10x_md.o(.text)
    I2C1_ER_IRQHandler                       0x08000137   Thumb Code     0  startup_gd32f10x_md.o(.text)
    I2C1_EV_IRQHandler                       0x08000137   Thumb Code     0  startup_gd32f10x_md.o(.text)
    LVD_IRQHandler                           0x08000137   Thumb Code     0  startup_gd32f10x_md.o(.text)
    RCU_IRQHandler                           0x08000137   Thumb Code     0  startup_gd32f10x_md.o(.text)
    RTC_Alarm_IRQHandler                     0x08000137   Thumb Code     0  startup_gd32f10x_md.o(.text)
    RTC_IRQHandler                           0x08000137   Thumb Code     0  startup_gd32f10x_md.o(.text)
    SPI0_IRQHandler                          0x08000137   Thumb Code     0  startup_gd32f10x_md.o(.text)
    SPI1_IRQHandler                          0x08000137   Thumb Code     0  startup_gd32f10x_md.o(.text)
    TAMPER_IRQHandler                        0x08000137   Thumb Code     0  startup_gd32f10x_md.o(.text)
    TIMER0_BRK_IRQHandler                    0x08000137   Thumb Code     0  startup_gd32f10x_md.o(.text)
    TIMER0_Channel_IRQHandler                0x08000137   Thumb Code     0  startup_gd32f10x_md.o(.text)
    TIMER0_TRG_CMT_IRQHandler                0x08000137   Thumb Code     0  startup_gd32f10x_md.o(.text)
    TIMER0_UP_IRQHandler                     0x08000137   Thumb Code     0  startup_gd32f10x_md.o(.text)
    TIMER1_IRQHandler                        0x08000137   Thumb Code     0  startup_gd32f10x_md.o(.text)
    TIMER3_IRQHandler                        0x08000137   Thumb Code     0  startup_gd32f10x_md.o(.text)
    USART0_IRQHandler                        0x08000137   Thumb Code     0  startup_gd32f10x_md.o(.text)
    USART1_IRQHandler                        0x08000137   Thumb Code     0  startup_gd32f10x_md.o(.text)
    USART2_IRQHandler                        0x08000137   Thumb Code     0  startup_gd32f10x_md.o(.text)
    USBD_HP_CAN0_TX_IRQHandler               0x08000137   Thumb Code     0  startup_gd32f10x_md.o(.text)
    USBD_LP_CAN0_RX0_IRQHandler              0x08000137   Thumb Code     0  startup_gd32f10x_md.o(.text)
    USBD_WKUP_IRQHandler                     0x08000137   Thumb Code     0  startup_gd32f10x_md.o(.text)
    WWDGT_IRQHandler                         0x08000137   Thumb Code     0  startup_gd32f10x_md.o(.text)
    __aeabi_fadd                             0x08000141   Thumb Code   164  fadd.o(.text)
    __aeabi_fsub                             0x080001e5   Thumb Code     6  fadd.o(.text)
    __aeabi_frsub                            0x080001eb   Thumb Code     6  fadd.o(.text)
    __aeabi_fmul                             0x080001f1   Thumb Code   100  fmul.o(.text)
    __aeabi_fdiv                             0x08000255   Thumb Code   124  fdiv.o(.text)
    __aeabi_dadd                             0x080002d1   Thumb Code   322  dadd.o(.text)
    __aeabi_dsub                             0x08000413   Thumb Code     6  dadd.o(.text)
    __aeabi_drsub                            0x08000419   Thumb Code     6  dadd.o(.text)
    __aeabi_dmul                             0x0800041f   Thumb Code   228  dmul.o(.text)
    __aeabi_ddiv                             0x08000503   Thumb Code   222  ddiv.o(.text)
    __aeabi_i2f                              0x080005e1   Thumb Code    18  fflti.o(.text)
    __aeabi_ui2f                             0x080005f3   Thumb Code    10  ffltui.o(.text)
    __aeabi_f2iz                             0x080005fd   Thumb Code    50  ffixi.o(.text)
    __aeabi_f2d                              0x0800062f   Thumb Code    38  f2d.o(.text)
    __aeabi_cdcmpeq                          0x08000655   Thumb Code     0  cdcmple.o(.text)
    __aeabi_cdcmple                          0x08000655   Thumb Code    48  cdcmple.o(.text)
    __aeabi_cdrcmple                         0x08000685   Thumb Code    48  cdrcmple.o(.text)
    __aeabi_d2f                              0x080006b5   Thumb Code    56  d2f.o(.text)
    __aeabi_cfcmpeq                          0x080006ed   Thumb Code     0  cfcmple.o(.text)
    __aeabi_cfcmple                          0x080006ed   Thumb Code    20  cfcmple.o(.text)
    __aeabi_cfrcmple                         0x08000701   Thumb Code    20  cfrcmple.o(.text)
    __aeabi_uidiv                            0x08000715   Thumb Code     0  uidiv.o(.text)
    __aeabi_uidivmod                         0x08000715   Thumb Code    44  uidiv.o(.text)
    __aeabi_uldivmod                         0x08000741   Thumb Code    98  uldiv.o(.text)
    __aeabi_llsl                             0x080007a3   Thumb Code    30  llshl.o(.text)
    _ll_shift_l                              0x080007a3   Thumb Code     0  llshl.o(.text)
    __aeabi_lasr                             0x080007c1   Thumb Code    36  llsshr.o(.text)
    _ll_sshift_r                             0x080007c1   Thumb Code     0  llsshr.o(.text)
    __I$use$fp                               0x080007e5   Thumb Code     0  iusefp.o(.text)
    _float_round                             0x080007e5   Thumb Code    18  fepilogue.o(.text)
    _float_epilogue                          0x080007f7   Thumb Code    92  fepilogue.o(.text)
    _double_round                            0x08000853   Thumb Code    30  depilogue.o(.text)
    _double_epilogue                         0x08000871   Thumb Code   156  depilogue.o(.text)
    _drem                                    0x0800090d   Thumb Code   134  drem.o(.text)
    __aeabi_d2ulz                            0x08000993   Thumb Code    48  dfixul.o(.text)
    __scatterload                            0x080009c5   Thumb Code    28  init.o(.text)
    __scatterload_rt2                        0x080009c5   Thumb Code     0  init.o(.text)
    __aeabi_llsr                             0x080009e9   Thumb Code    32  llushr.o(.text)
    _ll_ushift_r                             0x080009e9   Thumb Code     0  llushr.o(.text)
    AS5600_IIC_Read_OneByte                  0x08000a09   Thumb Code    64  as5600.o(i.AS5600_IIC_Read_OneByte)
    Angle_limit                              0x08000a49   Thumb Code    74  foc.o(i.Angle_limit)
    BusFault_Handler                         0x08000a9d   Thumb Code     4  gd32f10x_it.o(i.BusFault_Handler)
    DebugMon_Handler                         0x08000aa1   Thumb Code     4  gd32f10x_it.o(i.DebugMon_Handler)
    GPIO_Init_AF                             0x08000aa5   Thumb Code    72  gpio.o(i.GPIO_Init_AF)
    HardFault_Handler                        0x08000af9   Thumb Code     4  gd32f10x_it.o(i.HardFault_Handler)
    IIC_Ack_AS5600                           0x08000afd   Thumb Code    60  iic.o(i.IIC_Ack_AS5600)
    IIC_GPIO_Init                            0x08000b3d   Thumb Code    80  oled.o(i.IIC_GPIO_Init)
    IIC_NAck_AS5600                          0x08000b91   Thumb Code    60  iic.o(i.IIC_NAck_AS5600)
    IIC_Read_Byte_AS5600                     0x08000bd1   Thumb Code    92  iic.o(i.IIC_Read_Byte_AS5600)
    IIC_Send_Byte_AS5600                     0x08000c31   Thumb Code    98  iic.o(i.IIC_Send_Byte_AS5600)
    IIC_Start                                0x08000c99   Thumb Code    62  oled.o(i.IIC_Start)
    IIC_Start_AS5600                         0x08000cdd   Thumb Code    60  iic.o(i.IIC_Start_AS5600)
    IIC_Stop                                 0x08000d1d   Thumb Code    52  oled.o(i.IIC_Stop)
    IIC_Stop_AS5600                          0x08000d55   Thumb Code    60  iic.o(i.IIC_Stop_AS5600)
    IIC_Wait_Ack                             0x08000d95   Thumb Code    88  oled.o(i.IIC_Wait_Ack)
    IIC_Wait_Ack_AS5600                      0x08000df1   Thumb Code    86  iic.o(i.IIC_Wait_Ack_AS5600)
    Key_Get                                  0x08000e4d   Thumb Code   208  key.o(i.Key_Get)
    Key_Init                                 0x08000f25   Thumb Code    48  key.o(i.Key_Init)
    MemManage_Handler                        0x08000f5d   Thumb Code     4  gd32f10x_it.o(i.MemManage_Handler)
    NMI_Handler                              0x08000f61   Thumb Code     4  gd32f10x_it.o(i.NMI_Handler)
    OLED_Clear                               0x08000f8d   Thumb Code    64  oled.o(i.OLED_Clear)
    OLED_ColorTurn                           0x08000fcd   Thumb Code    28  oled.o(i.OLED_ColorTurn)
    OLED_DisplayTurn                         0x08000fe9   Thumb Code    44  oled.o(i.OLED_DisplayTurn)
    OLED_Init                                0x08001015   Thumb Code   252  oled.o(i.OLED_Init)
    OLED_Set_Pos                             0x08001111   Thumb Code    42  oled.o(i.OLED_Set_Pos)
    OLED_ShowChar                            0x0800113d   Thumb Code    78  oled.o(i.OLED_ShowChar)
    OLED_ShowFNum                            0x08001191   Thumb Code   284  oled.o(i.OLED_ShowFNum)
    OLED_ShowNum                             0x080012ad   Thumb Code   132  oled.o(i.OLED_ShowNum)
    OLED_ShowString                          0x08001331   Thumb Code    54  oled.o(i.OLED_ShowString)
    OLED_WR_Byte                             0x08001367   Thumb Code    24  oled.o(i.OLED_WR_Byte)
    PendSV_Handler                           0x0800137f   Thumb Code     2  gd32f10x_it.o(i.PendSV_Handler)
    SVC_Handler                              0x08001381   Thumb Code     4  gd32f10x_it.o(i.SVC_Handler)
    SysTick_Handler                          0x08001385   Thumb Code     8  gd32f10x_it.o(i.SysTick_Handler)
    SystemInit                               0x0800138d   Thumb Code   186  system_gd32f10x.o(i.SystemInit)
    TIMER2_IRQHandler                        0x08001459   Thumb Code   172  timer.o(i.TIMER2_IRQHandler)
    Timer2_init                              0x08001539   Thumb Code   108  timer.o(i.Timer2_init)
    UsageFault_Handler                       0x080015a9   Thumb Code     4  gd32f10x_it.o(i.UsageFault_Handler)
    Write_IIC_Byte                           0x080015ad   Thumb Code   108  oled.o(i.Write_IIC_Byte)
    Write_IIC_Command                        0x0800161d   Thumb Code    32  oled.o(i.Write_IIC_Command)
    Write_IIC_Data                           0x0800163d   Thumb Code    32  oled.o(i.Write_IIC_Data)
    __0printf                                0x0800165d   Thumb Code    22  printfa.o(i.__0printf)
    __1printf                                0x0800165d   Thumb Code     0  printfa.o(i.__0printf)
    __2printf                                0x0800165d   Thumb Code     0  printfa.o(i.__0printf)
    __c89printf                              0x0800165d   Thumb Code     0  printfa.o(i.__0printf)
    printf                                   0x0800165d   Thumb Code     0  printfa.o(i.__0printf)
    __mathlib_dbl_invalid                    0x0800167d   Thumb Code    12  dunder.o(i.__mathlib_dbl_invalid)
    __scatterload_copy                       0x08001689   Thumb Code    14  handlers.o(i.__scatterload_copy)
    __scatterload_null                       0x08001697   Thumb Code     2  handlers.o(i.__scatterload_null)
    __scatterload_zeroinit                   0x08001699   Thumb Code    14  handlers.o(i.__scatterload_zeroinit)
    __set_errno                              0x080016a9   Thumb Code     6  errno.o(i.__set_errno)
    _electricalAngle                         0x080016b5   Thumb Code    26  foc.o(i._electricalAngle)
    adc_calibration_enable                   0x08001f63   Thumb Code    42  gd32f10x_adc.o(i.adc_calibration_enable)
    adc_channel_length_config                0x08001f8d   Thumb Code    70  gd32f10x_adc.o(i.adc_channel_length_config)
    adc_config                               0x08001fd5   Thumb Code   106  adc.o(i.adc_config)
    adc_data_alignment_config                0x08002045   Thumb Code    22  gd32f10x_adc.o(i.adc_data_alignment_config)
    adc_enable                               0x0800205b   Thumb Code    18  gd32f10x_adc.o(i.adc_enable)
    adc_external_trigger_config              0x0800206d   Thumb Code    62  gd32f10x_adc.o(i.adc_external_trigger_config)
    adc_external_trigger_source_config       0x080020ab   Thumb Code    48  gd32f10x_adc.o(i.adc_external_trigger_source_config)
    adc_flag_clear                           0x080020db   Thumb Code     8  gd32f10x_adc.o(i.adc_flag_clear)
    adc_flag_get                             0x080020e3   Thumb Code    14  gd32f10x_adc.o(i.adc_flag_get)
    adc_mode_config                          0x080020f1   Thumb Code    22  gd32f10x_adc.o(i.adc_mode_config)
    adc_regular_channel_config               0x0800210d   Thumb Code   172  gd32f10x_adc.o(i.adc_regular_channel_config)
    adc_regular_data_read                    0x080021b9   Thumb Code     8  gd32f10x_adc.o(i.adc_regular_data_read)
    adc_software_trigger_enable              0x080021c1   Thumb Code    30  gd32f10x_adc.o(i.adc_software_trigger_enable)
    adc_special_function_config              0x080021df   Thumb Code    90  gd32f10x_adc.o(i.adc_special_function_config)
    angle_get                                0x08002239   Thumb Code   110  as5600.o(i.angle_get)
    angle_get_all                            0x080022b9   Thumb Code    96  as5600.o(i.angle_get_all)
    angle_init                               0x08002329   Thumb Code    44  foc.o(i.angle_init)
    angle_pid                                0x08002361   Thumb Code   102  pid_angle.o(i.angle_pid)
    delay_1ms                                0x080023f1   Thumb Code    16  systick.o(i.delay_1ms)
    delay_decrement                          0x08002405   Thumb Code    18  systick.o(i.delay_decrement)
    delay_s                                  0x0800241d   Thumb Code    12  iic.o(i.delay_s)
    fmod                                     0x08002631   Thumb Code   144  fmod.o(i.fmod)
    fputc                                    0x080026c5   Thumb Code    32  usart.o(i.fputc)
    gpio_bit_reset                           0x080026e9   Thumb Code     4  gd32f10x_gpio.o(i.gpio_bit_reset)
    gpio_bit_set                             0x080026ed   Thumb Code     4  gd32f10x_gpio.o(i.gpio_bit_set)
    gpio_config                              0x080026f1   Thumb Code    36  adc.o(i.gpio_config)
    gpio_init                                0x0800271d   Thumb Code   172  gd32f10x_gpio.o(i.gpio_init)
    gpio_input_bit_get                       0x080027c9   Thumb Code    16  gd32f10x_gpio.o(i.gpio_input_bit_get)
    gpio_pin_remap_config                    0x080027d9   Thumb Code   138  gd32f10x_gpio.o(i.gpio_pin_remap_config)
    limit                                    0x08002869   Thumb Code    42  foc.o(i.limit)
    main                                     0x08002895   Thumb Code   490  main.o(i.main)
    nvic_irq_enable                          0x08002ad1   Thumb Code   162  gd32f10x_misc.o(i.nvic_irq_enable)
    nvic_priority_group_set                  0x08002b7d   Thumb Code    10  gd32f10x_misc.o(i.nvic_priority_group_set)
    oled_pow                                 0x08002b91   Thumb Code    22  oled.o(i.oled_pow)
    pwm_a_write                              0x08002ba7   Thumb Code    16  pwm.o(i.pwm_a_write)
    pwm_b_write                              0x08002bb7   Thumb Code    16  pwm.o(i.pwm_b_write)
    pwm_c_write                              0x08002bc7   Thumb Code    18  pwm.o(i.pwm_c_write)
    rcu_adc_clock_config                     0x08002bd9   Thumb Code    64  gd32f10x_rcu.o(i.rcu_adc_clock_config)
    rcu_periph_clock_enable                  0x08002c21   Thumb Code    28  gd32f10x_rcu.o(i.rcu_periph_clock_enable)
    rcu_periph_reset_disable                 0x08002c41   Thumb Code    28  gd32f10x_rcu.o(i.rcu_periph_reset_disable)
    rcu_periph_reset_enable                  0x08002c61   Thumb Code    28  gd32f10x_rcu.o(i.rcu_periph_reset_enable)
    read_adc0_data                           0x08002c81   Thumb Code    54  adc.o(i.read_adc0_data)
    setPhaseVoltage                          0x08002cbd   Thumb Code   318  foc.o(i.setPhaseVoltage)
    setpwm                                   0x08002e29   Thumb Code   194  foc.o(i.setpwm)
    systick_config                           0x08002fb9   Thumb Code    74  systick.o(i.systick_config)
    timer1_pwm_init                          0x08003009   Thumb Code   186  pwm.o(i.timer1_pwm_init)
    timer_auto_reload_shadow_enable          0x080030c9   Thumb Code    10  gd32f10x_timer.o(i.timer_auto_reload_shadow_enable)
    timer_channel_output_config              0x080030d5   Thumb Code   484  gd32f10x_timer.o(i.timer_channel_output_config)
    timer_channel_output_mode_config         0x080032c1   Thumb Code    90  gd32f10x_timer.o(i.timer_channel_output_mode_config)
    timer_channel_output_pulse_value_config  0x0800331b   Thumb Code    38  gd32f10x_timer.o(i.timer_channel_output_pulse_value_config)
    timer_deinit                             0x08003341   Thumb Code   210  gd32f10x_timer.o(i.timer_deinit)
    timer_enable                             0x0800341d   Thumb Code    10  gd32f10x_timer.o(i.timer_enable)
    timer_init                               0x08003429   Thumb Code   170  gd32f10x_timer.o(i.timer_init)
    timer_interrupt_enable                   0x08003509   Thumb Code     8  gd32f10x_timer.o(i.timer_interrupt_enable)
    timer_interrupt_flag_clear               0x08003511   Thumb Code     6  gd32f10x_timer.o(i.timer_interrupt_flag_clear)
    timer_interrupt_flag_get                 0x08003517   Thumb Code    24  gd32f10x_timer.o(i.timer_interrupt_flag_get)
    timer_struct_para_init                   0x0800352f   Thumb Code    22  gd32f10x_timer.o(i.timer_struct_para_init)
    usart_data_transmit                      0x08003545   Thumb Code     8  gd32f10x_usart.o(i.usart_data_transmit)
    usart_flag_get                           0x0800354d   Thumb Code    30  gd32f10x_usart.o(i.usart_flag_get)
    F6x8                                     0x0800356a   Data         552  oled.o(.constdata)
    F8X16                                    0x08003792   Data        1520  oled.o(.constdata)
    Hzk                                      0x08003d82   Data         192  oled.o(.constdata)
    Region$$Table$$Base                      0x08003e44   Number         0  anon$$obj.o(Region$$Table)
    Region$$Table$$Limit                     0x08003e64   Number         0  anon$$obj.o(Region$$Table)
    SystemCoreClock                          0x20000000   Data           4  system_gd32f10x.o(.data)
    AD_Value                                 0x20000004   Data           6  adc.o(.data)
    value                                    0x2000000c   Data           4  as5600.o(.data)
    Angle                                    0x20000010   Data           4  as5600.o(.data)
    _2PI                                     0x20000014   Data           4  as5600.o(.data)
    _PI                                      0x20000018   Data           4  as5600.o(.data)
    val                                      0x2000001c   Data           4  as5600.o(.data)
    last_val                                 0x20000020   Data           4  as5600.o(.data)
    err                                      0x20000024   Data           4  as5600.o(.data)
    circle                                   0x20000028   Data           4  as5600.o(.data)
    Speed                                    0x2000002c   Data           4  as5600.o(.data)
    now                                      0x20000030   Data           4  as5600.o(.data)
    pre                                      0x20000034   Data           4  as5600.o(.data)
    y_prev                                   0x20000038   Data           4  as5600.o(.data)
    zero                                     0x2000003c   Data           4  foc.o(.data)
    pwm_a                                    0x20000040   Data           4  foc.o(.data)
    pwm_b                                    0x20000044   Data           4  foc.o(.data)
    pwm_c                                    0x20000048   Data           4  foc.o(.data)
    Ualpha                                   0x2000004c   Data           4  foc.o(.data)
    Ubate                                    0x20000050   Data           4  foc.o(.data)
    Ua                                       0x20000054   Data           4  foc.o(.data)
    Ub                                       0x20000058   Data           4  foc.o(.data)
    Uc                                       0x2000005c   Data           4  foc.o(.data)
    Ualpha_I                                 0x20000060   Data           4  foc.o(.data)
    Ubate_I                                  0x20000064   Data           4  foc.o(.data)
    Ialpha_I                                 0x20000068   Data           4  foc.o(.data)
    Ibate_I                                  0x2000006c   Data           4  foc.o(.data)
    Ua_I                                     0x20000070   Data           4  foc.o(.data)
    Ub_I                                     0x20000074   Data           4  foc.o(.data)
    Uc_I                                     0x20000078   Data           4  foc.o(.data)
    Uq_I                                     0x2000007c   Data           4  foc.o(.data)
    Ud_I                                     0x20000080   Data           4  foc.o(.data)
    Iq_I                                     0x20000084   Data           4  foc.o(.data)
    Id_I                                     0x20000088   Data           4  foc.o(.data)
    a                                        0x2000008c   Data           4  timer.o(.data)
    angle_err                                0x20000090   Data           4  pid_angle.o(.data)
    angle_last_err                           0x20000094   Data           4  pid_angle.o(.data)
    angle_out                                0x20000098   Data           4  pid_angle.o(.data)
    p                                        0x2000009c   Data           4  pid_angle.o(.data)
    d                                        0x200000a0   Data           4  pid_angle.o(.data)
    Key_Num                                  0x200000a4   Data           4  main.o(.data)
    angle                                    0x200000a8   Data           4  main.o(.data)
    all_angle                                0x200000ac   Data           4  main.o(.data)
    speed                                    0x200000b0   Data           4  main.o(.data)
    speed_out                                0x200000b4   Data           4  main.o(.data)
    local_out                                0x200000b8   Data           4  main.o(.data)
    i_1                                      0x200000bc   Data           4  main.o(.data)
    i_2                                      0x200000c0   Data           4  main.o(.data)
    i_3                                      0x200000c4   Data           4  main.o(.data)
    f_a                                      0x200000c8   Data           2  main.o(.data)
    f_b                                      0x200000ca   Data           2  main.o(.data)
    __stdout                                 0x200000d0   Data           4  stdout.o(.data)
    __initial_sp                             0x200004d8   Data           0  startup_gd32f10x_md.o(STACK)



==============================================================================

Memory Map of the image

  Image Entry point : 0x08000105

  Load Region LR_IROM1 (Base: 0x08000000, Size: 0x00003f3c, Max: 0x00010000, ABSOLUTE)

    Execution Region ER_IROM1 (Exec base: 0x08000000, Load base: 0x08000000, Size: 0x00003e64, Max: 0x00010000, ABSOLUTE)

    Exec Addr    Load Addr    Size         Type   Attr      Idx    E Section Name        Object

    0x08000000   0x08000000   0x00000104   Data   RO            3    RESET               startup_gd32f10x_md.o
    0x08000104   0x08000104   0x00000000   Code   RO         4817  * .ARM.Collect$$$$00000000  mc_w.l(entry.o)
    0x08000104   0x08000104   0x00000004   Code   RO         5125    .ARM.Collect$$$$00000001  mc_w.l(entry2.o)
    0x08000108   0x08000108   0x00000004   Code   RO         5128    .ARM.Collect$$$$00000004  mc_w.l(entry5.o)
    0x0800010c   0x0800010c   0x00000000   Code   RO         5130    .ARM.Collect$$$$00000008  mc_w.l(entry7b.o)
    0x0800010c   0x0800010c   0x00000000   Code   RO         5132    .ARM.Collect$$$$0000000A  mc_w.l(entry8b.o)
    0x0800010c   0x0800010c   0x00000008   Code   RO         5133    .ARM.Collect$$$$0000000B  mc_w.l(entry9a.o)
    0x08000114   0x08000114   0x00000004   Code   RO         5140    .ARM.Collect$$$$0000000E  mc_w.l(entry12b.o)
    0x08000118   0x08000118   0x00000000   Code   RO         5135    .ARM.Collect$$$$0000000F  mc_w.l(entry10a.o)
    0x08000118   0x08000118   0x00000000   Code   RO         5137    .ARM.Collect$$$$00000011  mc_w.l(entry11a.o)
    0x08000118   0x08000118   0x00000004   Code   RO         5126    .ARM.Collect$$$$00002712  mc_w.l(entry2.o)
    0x0800011c   0x0800011c   0x00000024   Code   RO            4    .text               startup_gd32f10x_md.o
    0x08000140   0x08000140   0x000000b0   Code   RO         5081    .text               mf_w.l(fadd.o)
    0x080001f0   0x080001f0   0x00000064   Code   RO         5083    .text               mf_w.l(fmul.o)
    0x08000254   0x08000254   0x0000007c   Code   RO         5085    .text               mf_w.l(fdiv.o)
    0x080002d0   0x080002d0   0x0000014e   Code   RO         5087    .text               mf_w.l(dadd.o)
    0x0800041e   0x0800041e   0x000000e4   Code   RO         5089    .text               mf_w.l(dmul.o)
    0x08000502   0x08000502   0x000000de   Code   RO         5091    .text               mf_w.l(ddiv.o)
    0x080005e0   0x080005e0   0x00000012   Code   RO         5093    .text               mf_w.l(fflti.o)
    0x080005f2   0x080005f2   0x0000000a   Code   RO         5095    .text               mf_w.l(ffltui.o)
    0x080005fc   0x080005fc   0x00000032   Code   RO         5097    .text               mf_w.l(ffixi.o)
    0x0800062e   0x0800062e   0x00000026   Code   RO         5099    .text               mf_w.l(f2d.o)
    0x08000654   0x08000654   0x00000030   Code   RO         5101    .text               mf_w.l(cdcmple.o)
    0x08000684   0x08000684   0x00000030   Code   RO         5103    .text               mf_w.l(cdrcmple.o)
    0x080006b4   0x080006b4   0x00000038   Code   RO         5105    .text               mf_w.l(d2f.o)
    0x080006ec   0x080006ec   0x00000014   Code   RO         5107    .text               mf_w.l(cfcmple.o)
    0x08000700   0x08000700   0x00000014   Code   RO         5109    .text               mf_w.l(cfrcmple.o)
    0x08000714   0x08000714   0x0000002c   Code   RO         5142    .text               mc_w.l(uidiv.o)
    0x08000740   0x08000740   0x00000062   Code   RO         5144    .text               mc_w.l(uldiv.o)
    0x080007a2   0x080007a2   0x0000001e   Code   RO         5146    .text               mc_w.l(llshl.o)
    0x080007c0   0x080007c0   0x00000024   Code   RO         5148    .text               mc_w.l(llsshr.o)
    0x080007e4   0x080007e4   0x00000000   Code   RO         5157    .text               mc_w.l(iusefp.o)
    0x080007e4   0x080007e4   0x0000006e   Code   RO         5158    .text               mf_w.l(fepilogue.o)
    0x08000852   0x08000852   0x000000ba   Code   RO         5160    .text               mf_w.l(depilogue.o)
    0x0800090c   0x0800090c   0x00000086   Code   RO         5162    .text               mf_w.l(drem.o)
    0x08000992   0x08000992   0x00000030   Code   RO         5164    .text               mf_w.l(dfixul.o)
    0x080009c2   0x080009c2   0x00000002   PAD
    0x080009c4   0x080009c4   0x00000024   Code   RO         5166    .text               mc_w.l(init.o)
    0x080009e8   0x080009e8   0x00000020   Code   RO         5168    .text               mc_w.l(llushr.o)
    0x08000a08   0x08000a08   0x00000040   Code   RO         4110    i.AS5600_IIC_Read_OneByte  as5600.o
    0x08000a48   0x08000a48   0x00000054   Code   RO         4160    i.Angle_limit       foc.o
    0x08000a9c   0x08000a9c   0x00000004   Code   RO         4660    i.BusFault_Handler  gd32f10x_it.o
    0x08000aa0   0x08000aa0   0x00000004   Code   RO         4661    i.DebugMon_Handler  gd32f10x_it.o
    0x08000aa4   0x08000aa4   0x00000054   Code   RO         4252    i.GPIO_Init_AF      gpio.o
    0x08000af8   0x08000af8   0x00000004   Code   RO         4662    i.HardFault_Handler  gd32f10x_it.o
    0x08000afc   0x08000afc   0x00000040   Code   RO         4045    i.IIC_Ack_AS5600    iic.o
    0x08000b3c   0x08000b3c   0x00000054   Code   RO         3712    i.IIC_GPIO_Init     oled.o
    0x08000b90   0x08000b90   0x00000040   Code   RO         4046    i.IIC_NAck_AS5600   iic.o
    0x08000bd0   0x08000bd0   0x00000060   Code   RO         4047    i.IIC_Read_Byte_AS5600  iic.o
    0x08000c30   0x08000c30   0x00000068   Code   RO         4048    i.IIC_Send_Byte_AS5600  iic.o
    0x08000c98   0x08000c98   0x00000044   Code   RO         3714    i.IIC_Start         oled.o
    0x08000cdc   0x08000cdc   0x00000040   Code   RO         4049    i.IIC_Start_AS5600  iic.o
    0x08000d1c   0x08000d1c   0x00000038   Code   RO         3715    i.IIC_Stop          oled.o
    0x08000d54   0x08000d54   0x00000040   Code   RO         4050    i.IIC_Stop_AS5600   iic.o
    0x08000d94   0x08000d94   0x0000005c   Code   RO         3716    i.IIC_Wait_Ack      oled.o
    0x08000df0   0x08000df0   0x0000005c   Code   RO         4051    i.IIC_Wait_Ack_AS5600  iic.o
    0x08000e4c   0x08000e4c   0x000000d8   Code   RO         3943    i.Key_Get           key.o
    0x08000f24   0x08000f24   0x00000038   Code   RO         3944    i.Key_Init          key.o
    0x08000f5c   0x08000f5c   0x00000004   Code   RO         4663    i.MemManage_Handler  gd32f10x_it.o
    0x08000f60   0x08000f60   0x00000004   Code   RO         4664    i.NMI_Handler       gd32f10x_it.o
    0x08000f64   0x08000f64   0x00000028   Code   RO         4768    i.NVIC_SetPriority  systick.o
    0x08000f8c   0x08000f8c   0x00000040   Code   RO         3717    i.OLED_Clear        oled.o
    0x08000fcc   0x08000fcc   0x0000001c   Code   RO         3718    i.OLED_ColorTurn    oled.o
    0x08000fe8   0x08000fe8   0x0000002c   Code   RO         3719    i.OLED_DisplayTurn  oled.o
    0x08001014   0x08001014   0x000000fc   Code   RO         3723    i.OLED_Init         oled.o
    0x08001110   0x08001110   0x0000002a   Code   RO         3725    i.OLED_Set_Pos      oled.o
    0x0800113a   0x0800113a   0x00000002   PAD
    0x0800113c   0x0800113c   0x00000054   Code   RO         3727    i.OLED_ShowChar     oled.o
    0x08001190   0x08001190   0x0000011c   Code   RO         3728    i.OLED_ShowFNum     oled.o
    0x080012ac   0x080012ac   0x00000084   Code   RO         3729    i.OLED_ShowNum      oled.o
    0x08001330   0x08001330   0x00000036   Code   RO         3730    i.OLED_ShowString   oled.o
    0x08001366   0x08001366   0x00000018   Code   RO         3731    i.OLED_WR_Byte      oled.o
    0x0800137e   0x0800137e   0x00000002   Code   RO         4665    i.PendSV_Handler    gd32f10x_it.o
    0x08001380   0x08001380   0x00000004   Code   RO         4666    i.SVC_Handler       gd32f10x_it.o
    0x08001384   0x08001384   0x00000008   Code   RO         4667    i.SysTick_Handler   gd32f10x_it.o
    0x0800138c   0x0800138c   0x000000cc   Code   RO           12    i.SystemInit        system_gd32f10x.o
    0x08001458   0x08001458   0x000000e0   Code   RO         4474    i.TIMER2_IRQHandler  timer.o
    0x08001538   0x08001538   0x00000070   Code   RO         4475    i.Timer2_init       timer.o
    0x080015a8   0x080015a8   0x00000004   Code   RO         4668    i.UsageFault_Handler  gd32f10x_it.o
    0x080015ac   0x080015ac   0x00000070   Code   RO         3732    i.Write_IIC_Byte    oled.o
    0x0800161c   0x0800161c   0x00000020   Code   RO         3733    i.Write_IIC_Command  oled.o
    0x0800163c   0x0800163c   0x00000020   Code   RO         3734    i.Write_IIC_Data    oled.o
    0x0800165c   0x0800165c   0x00000020   Code   RO         5053    i.__0printf         mc_w.l(printfa.o)
    0x0800167c   0x0800167c   0x0000000c   Code   RO         5114    i.__mathlib_dbl_invalid  m_ws.l(dunder.o)
    0x08001688   0x08001688   0x0000000e   Code   RO         5174    i.__scatterload_copy  mc_w.l(handlers.o)
    0x08001696   0x08001696   0x00000002   Code   RO         5175    i.__scatterload_null  mc_w.l(handlers.o)
    0x08001698   0x08001698   0x0000000e   Code   RO         5176    i.__scatterload_zeroinit  mc_w.l(handlers.o)
    0x080016a6   0x080016a6   0x00000002   PAD
    0x080016a8   0x080016a8   0x0000000c   Code   RO         5152    i.__set_errno       mc_w.l(errno.o)
    0x080016b4   0x080016b4   0x00000024   Code   RO         4161    i._electricalAngle  foc.o
    0x080016d8   0x080016d8   0x00000184   Code   RO         5060    i._fp_digits        mc_w.l(printfa.o)
    0x0800185c   0x0800185c   0x000006b4   Code   RO         5061    i._printf_core      mc_w.l(printfa.o)
    0x08001f10   0x08001f10   0x00000024   Code   RO         5062    i._printf_post_padding  mc_w.l(printfa.o)
    0x08001f34   0x08001f34   0x0000002e   Code   RO         5063    i._printf_pre_padding  mc_w.l(printfa.o)
    0x08001f62   0x08001f62   0x0000002a   Code   RO          762    i.adc_calibration_enable  gd32f10x_adc.o
    0x08001f8c   0x08001f8c   0x00000046   Code   RO          763    i.adc_channel_length_config  gd32f10x_adc.o
    0x08001fd2   0x08001fd2   0x00000002   PAD
    0x08001fd4   0x08001fd4   0x00000070   Code   RO         3984    i.adc_config        adc.o
    0x08002044   0x08002044   0x00000016   Code   RO          764    i.adc_data_alignment_config  gd32f10x_adc.o
    0x0800205a   0x0800205a   0x00000012   Code   RO          770    i.adc_enable        gd32f10x_adc.o
    0x0800206c   0x0800206c   0x0000003e   Code   RO          771    i.adc_external_trigger_config  gd32f10x_adc.o
    0x080020aa   0x080020aa   0x00000030   Code   RO          772    i.adc_external_trigger_source_config  gd32f10x_adc.o
    0x080020da   0x080020da   0x00000008   Code   RO          773    i.adc_flag_clear    gd32f10x_adc.o
    0x080020e2   0x080020e2   0x0000000e   Code   RO          774    i.adc_flag_get      gd32f10x_adc.o
    0x080020f0   0x080020f0   0x0000001c   Code   RO          783    i.adc_mode_config   gd32f10x_adc.o
    0x0800210c   0x0800210c   0x000000ac   Code   RO          784    i.adc_regular_channel_config  gd32f10x_adc.o
    0x080021b8   0x080021b8   0x00000008   Code   RO          785    i.adc_regular_data_read  gd32f10x_adc.o
    0x080021c0   0x080021c0   0x0000001e   Code   RO          787    i.adc_software_trigger_enable  gd32f10x_adc.o
    0x080021de   0x080021de   0x0000005a   Code   RO          788    i.adc_special_function_config  gd32f10x_adc.o
    0x08002238   0x08002238   0x00000080   Code   RO         4112    i.angle_get         as5600.o
    0x080022b8   0x080022b8   0x00000070   Code   RO         4113    i.angle_get_all     as5600.o
    0x08002328   0x08002328   0x00000038   Code   RO         4162    i.angle_init        foc.o
    0x08002360   0x08002360   0x00000084   Code   RO         4575    i.angle_pid         pid_angle.o
    0x080023e4   0x080023e4   0x0000000c   Code   RO         3735    i.delay             oled.o
    0x080023f0   0x080023f0   0x00000014   Code   RO         4769    i.delay_1ms         systick.o
    0x08002404   0x08002404   0x00000018   Code   RO         4770    i.delay_decrement   systick.o
    0x0800241c   0x0800241c   0x0000000c   Code   RO         4052    i.delay_s           iic.o
    0x08002428   0x08002428   0x00000078   Code   RO         4163    i.f1                foc.o
    0x080024a0   0x080024a0   0x00000078   Code   RO         4164    i.f2                foc.o
    0x08002518   0x08002518   0x00000088   Code   RO         4165    i.fast_cos          foc.o
    0x080025a0   0x080025a0   0x00000090   Code   RO         4166    i.fast_sin          foc.o
    0x08002630   0x08002630   0x00000094   Code   RO         4810    i.fmod              m_ws.l(fmod.o)
    0x080026c4   0x080026c4   0x00000024   Code   RO         3664    i.fputc             usart.o
    0x080026e8   0x080026e8   0x00000004   Code   RO          141    i.gpio_bit_reset    gd32f10x_gpio.o
    0x080026ec   0x080026ec   0x00000004   Code   RO          142    i.gpio_bit_set      gd32f10x_gpio.o
    0x080026f0   0x080026f0   0x0000002c   Code   RO         3988    i.gpio_config       adc.o
    0x0800271c   0x0800271c   0x000000ac   Code   RO          149    i.gpio_init         gd32f10x_gpio.o
    0x080027c8   0x080027c8   0x00000010   Code   RO          150    i.gpio_input_bit_get  gd32f10x_gpio.o
    0x080027d8   0x080027d8   0x00000090   Code   RO          155    i.gpio_pin_remap_config  gd32f10x_gpio.o
    0x08002868   0x08002868   0x0000002a   Code   RO         4167    i.limit             foc.o
    0x08002892   0x08002892   0x00000002   PAD
    0x08002894   0x08002894   0x0000023c   Code   RO         4735    i.main              main.o
    0x08002ad0   0x08002ad0   0x000000ac   Code   RO         2878    i.nvic_irq_enable   gd32f10x_misc.o
    0x08002b7c   0x08002b7c   0x00000014   Code   RO         2879    i.nvic_priority_group_set  gd32f10x_misc.o
    0x08002b90   0x08002b90   0x00000016   Code   RO         3736    i.oled_pow          oled.o
    0x08002ba6   0x08002ba6   0x00000010   Code   RO         3891    i.pwm_a_write       pwm.o
    0x08002bb6   0x08002bb6   0x00000010   Code   RO         3892    i.pwm_b_write       pwm.o
    0x08002bc6   0x08002bc6   0x00000012   Code   RO         3893    i.pwm_c_write       pwm.o
    0x08002bd8   0x08002bd8   0x00000048   Code   RO          260    i.rcu_adc_clock_config  gd32f10x_rcu.o
    0x08002c20   0x08002c20   0x00000020   Code   RO          285    i.rcu_periph_clock_enable  gd32f10x_rcu.o
    0x08002c40   0x08002c40   0x00000020   Code   RO          288    i.rcu_periph_reset_disable  gd32f10x_rcu.o
    0x08002c60   0x08002c60   0x00000020   Code   RO          289    i.rcu_periph_reset_enable  gd32f10x_rcu.o
    0x08002c80   0x08002c80   0x0000003c   Code   RO         3989    i.read_adc0_data    adc.o
    0x08002cbc   0x08002cbc   0x0000016c   Code   RO         4168    i.setPhaseVoltage   foc.o
    0x08002e28   0x08002e28   0x000000dc   Code   RO         4170    i.setpwm            foc.o
    0x08002f04   0x08002f04   0x000000ac   Code   RO           13    i.system_clock_72m_irc8m  system_gd32f10x.o
    0x08002fb0   0x08002fb0   0x00000008   Code   RO           14    i.system_clock_config  system_gd32f10x.o
    0x08002fb8   0x08002fb8   0x00000050   Code   RO         4771    i.systick_config    systick.o
    0x08003008   0x08003008   0x000000c0   Code   RO         3894    i.timer1_pwm_init   pwm.o
    0x080030c8   0x080030c8   0x0000000a   Code   RO          981    i.timer_auto_reload_shadow_enable  gd32f10x_timer.o
    0x080030d2   0x080030d2   0x00000002   PAD
    0x080030d4   0x080030d4   0x000001ec   Code   RO          998    i.timer_channel_output_config  gd32f10x_timer.o
    0x080032c0   0x080032c0   0x0000005a   Code   RO         1000    i.timer_channel_output_mode_config  gd32f10x_timer.o
    0x0800331a   0x0800331a   0x00000026   Code   RO         1002    i.timer_channel_output_pulse_value_config  gd32f10x_timer.o
    0x08003340   0x08003340   0x000000dc   Code   RO         1011    i.timer_deinit      gd32f10x_timer.o
    0x0800341c   0x0800341c   0x0000000a   Code   RO         1016    i.timer_enable      gd32f10x_timer.o
    0x08003426   0x08003426   0x00000002   PAD
    0x08003428   0x08003428   0x000000e0   Code   RO         1026    i.timer_init        gd32f10x_timer.o
    0x08003508   0x08003508   0x00000008   Code   RO         1033    i.timer_interrupt_enable  gd32f10x_timer.o
    0x08003510   0x08003510   0x00000006   Code   RO         1034    i.timer_interrupt_flag_clear  gd32f10x_timer.o
    0x08003516   0x08003516   0x00000018   Code   RO         1035    i.timer_interrupt_flag_get  gd32f10x_timer.o
    0x0800352e   0x0800352e   0x00000016   Code   RO         1045    i.timer_struct_para_init  gd32f10x_timer.o
    0x08003544   0x08003544   0x00000008   Code   RO          493    i.usart_data_transmit  gd32f10x_usart.o
    0x0800354c   0x0800354c   0x0000001e   Code   RO          500    i.usart_flag_get    gd32f10x_usart.o
    0x0800356a   0x0800356a   0x000008d8   Data   RO         3737    .constdata          oled.o
    0x08003e42   0x08003e42   0x00000002   PAD
    0x08003e44   0x08003e44   0x00000020   Data   RO         5172    Region$$Table       anon$$obj.o


    Execution Region RW_IRAM1 (Exec base: 0x20000000, Load base: 0x08003e64, Size: 0x000004d8, Max: 0x00005000, ABSOLUTE)

    Exec Addr    Load Addr    Size         Type   Attr      Idx    E Section Name        Object

    0x20000000   0x08003e64   0x00000004   Data   RW           15    .data               system_gd32f10x.o
    0x20000004   0x08003e68   0x00000006   Data   RW         3990    .data               adc.o
    0x2000000a   0x08003e6e   0x00000002   PAD
    0x2000000c   0x08003e70   0x00000030   Data   RW         4115    .data               as5600.o
    0x2000003c   0x08003ea0   0x00000050   Data   RW         4171    .data               foc.o
    0x2000008c   0x08003ef0   0x00000004   Data   RW         4476    .data               timer.o
    0x20000090   0x08003ef4   0x00000014   Data   RW         4576    .data               pid_angle.o
    0x200000a4   0x08003f08   0x00000028   Data   RW         4736    .data               main.o
    0x200000cc   0x08003f30   0x00000004   Data   RW         4772    .data               systick.o
    0x200000d0   0x08003f34   0x00000004   Data   RW         5141    .data               mc_w.l(stdout.o)
    0x200000d4   0x08003f38   0x00000004   Data   RW         5153    .data               mc_w.l(errno.o)
    0x200000d8        -       0x00000400   Zero   RW            1    STACK               startup_gd32f10x_md.o


==============================================================================

Image component sizes


      Code (inc. data)   RO Data    RW Data    ZI Data      Debug   Object Name

       216         20          0          6          0       2059   adc.o
       304         34          0         48          0       2198   as5600.o
      1322        170          0         80          0       6545   foc.o
       612          6          0          0          0       8400   gd32f10x_adc.o
       340          6          0          0          0       3537   gd32f10x_gpio.o
        38          0          0          0          0       3766   gd32f10x_it.o
       192         20          0          0          0       1396   gd32f10x_misc.o
       168         28          0          0          0       2274   gd32f10x_rcu.o
      1144         72          0          0          0       7970   gd32f10x_timer.o
        38          0          0          0          0       1259   gd32f10x_usart.o
        84         12          0          0          0        451   gpio.o
       560         32          0          0          0       4050   iic.o
       272         16          0          0          0       1061   key.o
       572         82          0         40          0       1155   main.o
      1518         28       2264          0          0      11232   oled.o
       132         30          0         20          0        933   pid_angle.o
       242          6          0          0          0       2168   pwm.o
        36          8        260          0       1024        880   startup_gd32f10x_md.o
       384         30          0          4          0      45023   system_gd32f10x.o
       164         24          0          4          0      24470   systick.o
       336         56          0          4          0       1290   timer.o
        36          4          0          0          0       2308   usart.o

    ----------------------------------------------------------------------
      8720        684       2558        208       1024     134425   Object Totals
         0          0         32          0          0          0   (incl. Generated)
        10          0          2          2          0          0   (incl. Padding)

    ----------------------------------------------------------------------

      Code (inc. data)   RO Data    RW Data    ZI Data      Debug   Library Member Name

        12          0          0          0          0         68   dunder.o
       148          4          0          0          0         88   fmod.o
         0          0          0          0          0          0   entry.o
         0          0          0          0          0          0   entry10a.o
         0          0          0          0          0          0   entry11a.o
         4          0          0          0          0          0   entry12b.o
         8          4          0          0          0          0   entry2.o
         4          0          0          0          0          0   entry5.o
         0          0          0          0          0          0   entry7b.o
         0          0          0          0          0          0   entry8b.o
         8          4          0          0          0          0   entry9a.o
        12          6          0          4          0         68   errno.o
        30          0          0          0          0          0   handlers.o
        36          8          0          0          0         68   init.o
         0          0          0          0          0          0   iusefp.o
        30          0          0          0          0         68   llshl.o
        36          0          0          0          0         68   llsshr.o
        32          0          0          0          0         68   llushr.o
      2218         90          0          0          0        464   printfa.o
         0          0          0          4          0          0   stdout.o
        44          0          0          0          0         80   uidiv.o
        98          0          0          0          0         92   uldiv.o
        48          0          0          0          0         68   cdcmple.o
        48          0          0          0          0         68   cdrcmple.o
        20          0          0          0          0         68   cfcmple.o
        20          0          0          0          0         68   cfrcmple.o
        56          0          0          0          0         88   d2f.o
       334          0          0          0          0        148   dadd.o
       222          0          0          0          0        100   ddiv.o
       186          0          0          0          0        176   depilogue.o
        48          0          0          0          0         68   dfixul.o
       228          0          0          0          0         96   dmul.o
       134          0          0          0          0         96   drem.o
        38          0          0          0          0         68   f2d.o
       176          0          0          0          0        140   fadd.o
       124          0          0          0          0         88   fdiv.o
       110          0          0          0          0        168   fepilogue.o
        50          0          0          0          0         68   ffixi.o
        18          0          0          0          0         68   fflti.o
        10          0          0          0          0         68   ffltui.o
       100          0          0          0          0         76   fmul.o

    ----------------------------------------------------------------------
      4694        116          0          8          0       2920   Library Totals
         4          0          0          0          0          0   (incl. Padding)

    ----------------------------------------------------------------------

      Code (inc. data)   RO Data    RW Data    ZI Data      Debug   Library Name

       160          4          0          0          0        156   m_ws.l
      2560        112          0          8          0        976   mc_w.l
      1970          0          0          0          0       1788   mf_w.l

    ----------------------------------------------------------------------
      4694        116          0          8          0       2920   Library Totals

    ----------------------------------------------------------------------

==============================================================================


      Code (inc. data)   RO Data    RW Data    ZI Data      Debug   

     13414        800       2558        216       1024     130477   Grand Totals
     13414        800       2558        216       1024     130477   ELF Image Totals
     13414        800       2558        216          0          0   ROM Totals

==============================================================================

    Total RO  Size (Code + RO Data)                15972 (  15.60kB)
    Total RW  Size (RW Data + ZI Data)              1240 (   1.21kB)
    Total ROM Size (Code + RO Data + RW Data)      16188 (  15.81kB)

==============================================================================

