<html>
<body>
<pre>
<h1>µVision Build Log</h1>
<h2>Tool Versions:</h2>
IDE-Version: ¦ÌVision V5.38.0.0
Copyright (C) 2022 ARM Ltd and ARM Germany GmbH. All rights reserved.
License Information: Y C, 111, LIC=CRMW3-A6PU9-241SS-L2G9L-ACNLY-X4JV9
 
Tool Versions:
Toolchain:       MDK-ARM Professional  Version: 5.38.0.0
Toolchain Path:  G:\KEIL538a\ARM\ARMCC\Bin
C Compiler:      Armcc.exe V5.06 update 7 for Certification (build 960)
Assembler:       Armasm.exe V5.06 update 7 for Certification (build 960)
Linker/Locator:  ArmLink.exe V5.06 update 7 for Certification (build 960)
Library Manager: ArmAr.exe V5.06 update 7 for Certification (build 960)
Hex Converter:   FromElf.exe V5.06 update 7 for Certification (build 960)
CPU DLL:         SARMCM3.DLL V5.38.0.0
Dialog DLL:      DCM.DLL V1.17.5.0
Target DLL:      CMSIS_AGDI.dll V1.33.15.0
Dialog DLL:      TCM.DLL V1.56.4.0
 
<h2>Project:</h2>
D:\GD32\GD32F103\GD32F103\Project\project.uvprojx
Project File Date:  09/19/2024

<h2>Output:</h2>
*** Using Compiler 'V5.06 update 7 for Certification (build 960)', folder: 'G:\KEIL538a\ARM\ARMCC\Bin'
Build target '¼üÅÌ'
compiling main.c...
..\Hardware\Key.h(35): warning:  #1295-D: Deprecated declaration Key_Init - give arg types
  void Key_Init();
..\Hardware\GPIO.h(8): warning:  #1-D: last line of file ends without a newline
  #endif
..\Hardware\FOC.h(13): warning:  #1-D: last line of file ends without a newline
  #endif
..\Hardware\Timer.h(12): warning:  #1-D: last line of file ends without a newline
  #endif
..\Hardware\iic.h(21): warning:  #1295-D: Deprecated declaration IIC_Start_AS5600 - give arg types
  void IIC_Start_AS5600();
..\Hardware\iic.h(22): warning:  #1295-D: Deprecated declaration IIC_Stop_AS5600 - give arg types
  void IIC_Stop_AS5600();
..\Hardware\iic.h(23): warning:  #1295-D: Deprecated declaration IIC_Wait_Ack_AS5600 - give arg types
  uint8_t IIC_Wait_Ack_AS5600();
..\Hardware\PID_I.h(12): warning:  #1-D: last line of file ends without a newline
  #endif
..\User\main.c(17): warning:  #177-D: variable "PWM_a"  was declared but never referenced
  		int PWM_a = 0 , PWM_b = 0 , PWM_c = 0 , angle_Now ;
..\User\main.c(17): warning:  #177-D: variable "PWM_b"  was declared but never referenced
  		int PWM_a = 0 , PWM_b = 0 , PWM_c = 0 , angle_Now ;
..\User\main.c(17): warning:  #177-D: variable "PWM_c"  was declared but never referenced
  		int PWM_a = 0 , PWM_b = 0 , PWM_c = 0 , angle_Now ;
..\User\main.c(17): warning:  #177-D: variable "angle_Now"  was declared but never referenced
  		int PWM_a = 0 , PWM_b = 0 , PWM_c = 0 , angle_Now ;
..\User\main.c: 12 warnings, 0 errors
compiling FOC.c...
..\Hardware\foc.h(13): warning:  #1-D: last line of file ends without a newline
  #endif
..\Hardware\PID_I.h(12): warning:  #1-D: last line of file ends without a newline
  #endif
..\Hardware\FOC.c(149): warning:  #1-D: last line of file ends without a newline
  }
..\Hardware\FOC.c: 3 warnings, 0 errors
linking...
Program Size: Code=13414 RO-data=2558 RW-data=216 ZI-data=1024  
FromELF: creating hex file...
".\Objects\project.axf" - 0 Error(s), 15 Warning(s).

<h2>Software Packages used:</h2>

Package Vendor: GigaDevice
                https://gd32mcu.com/data/documents/pack/GigaDevice.GD32F10x_DFP.2.3.0.pack
                GigaDevice.GD32F10x_DFP.2.3.0
                GigaDevice GD32F10x Series Device Support and Examples

<h2>Collection of Component include folders:</h2>
  G:/KEIL538a/keilpack/GigaDevice/GD32F10x_DFP/2.3.0/Device/Include

<h2>Collection of Component Files used:</h2>
Build Time Elapsed:  00:00:01
</pre>
</body>
</html>
